Archive member included because of file (symbol)

./../Platform/Sensors/debug/libSensors_efm32_debug.a(Accelerometer.o)
                              C:/XDK-Workbench/workspace/SendAccelerometerDataOverBle/debug/objects/SendAccelerometerDataOverBle.o (Accelerometer_init)
./../Platform/Sensors/debug/libSensors_efm32_debug.a(LightSensor.o)
                              C:/XDK-Workbench/workspace/SendAccelerometerDataOverBle/debug/objects/SendAccelerometerDataOverBle.o (LightSensor_init)
./../Platform/Sensors/debug/libSensors_efm32_debug.a(Magnetometer.o)
                              C:/XDK-Workbench/workspace/SendAccelerometerDataOverBle/debug/objects/SendAccelerometerDataOverBle.o (Magnetometer_init)
./../Platform/BSP/debug/libBSP_efm32_debug.a(BSP_LED.o)
                              C:/XDK-Workbench/workspace/SendAccelerometerDataOverBle/debug/objects/source/SystemStartup.o (BSP_LED_Connect)
./../Platform/BSP/debug/libBSP_efm32_debug.a(BSP_USB.o)
                              C:/XDK-Workbench/workspace/SendAccelerometerDataOverBle/debug/objects/source/RetargetStdio.o (RETARGET_WriteChar)
./../Platform/BSP/debug/libBSP_efm32_debug.a(BSP_Board.o)
                              C:/XDK-Workbench/workspace/SendAccelerometerDataOverBle/debug/objects/source/SystemStartup.o (BSP_Board_OSTickInitialize)
./../Platform/BSP/debug/libBSP_efm32_debug.a(BSP_DMA.o)
                              ./../Platform/BSP/debug/libBSP_efm32_debug.a(BSP_Board.o) (BSP_DMA_Initialize)
./../Platform/BSP/debug/libBSP_efm32_debug.a(BSP_IrqHandler.o)
                              ./../Platform/BSP/debug/libBSP_efm32_debug.a(BSP_Board.o) (IrqHandler_SysTickDummyHandler)
./../Platform/BSP/debug/libBSP_efm32_debug.a(BSP_WiFi_cc3100mod.o)
                              ./../Platform/BSP/debug/libBSP_efm32_debug.a(BSP_IrqHandler.o) (WiFi_CC3100MOD_SPIRxISR)
./../Platform/BSP/debug/libBSP_efm32_debug.a(BSP_BT_EM9301.o)
                              ./../Platform/BSP/debug/libBSP_efm32_debug.a(BSP_IrqHandler.o) (BT_EM9301_UART_TxISR)
./../Platform/BSP/debug/libBSP_efm32_debug.a(BSP_SensorNode.o)
                              ./../Platform/BSP/debug/libBSP_efm32_debug.a(BSP_IrqHandler.o) (SensorNode_I2CISR)
./../Platform/BSP/debug/libBSP_efm32_debug.a(BSP_SDCard.o)
                              ./../Platform/BSP/debug/libBSP_efm32_debug.a(BSP_IrqHandler.o) (SDCard_SPIRxISR)
./../Libraries/FreeRTOS/debug/libFreeRTOS_efm32_debug.a(queue.o)
                              C:/XDK-Workbench/workspace/SendAccelerometerDataOverBle/debug/objects/SendAccelerometerDataOverBle.o (xQueueGenericCreate)
./../Libraries/FreeRTOS/debug/libFreeRTOS_efm32_debug.a(tasks.o)
                              ./../Libraries/FreeRTOS/debug/libFreeRTOS_efm32_debug.a(queue.o) (vTaskSuspendAll)
./../Libraries/FreeRTOS/debug/libFreeRTOS_efm32_debug.a(timers.o)
                              ./../Libraries/FreeRTOS/debug/libFreeRTOS_efm32_debug.a(tasks.o) (xTimerCreateTimerTask)
./../Libraries/FreeRTOS/debug/libFreeRTOS_efm32_debug.a(heap_4.o)
                              ./../Libraries/FreeRTOS/debug/libFreeRTOS_efm32_debug.a(queue.o) (pvPortMalloc)
./../Libraries/FreeRTOS/debug/libFreeRTOS_efm32_debug.a(port.o)
                              ./../Libraries/FreeRTOS/debug/libFreeRTOS_efm32_debug.a(tasks.o) (pxPortInitialiseStack)
./../Libraries/FreeRTOS/debug/libFreeRTOS_efm32_debug.a(list.o)
                              ./../Libraries/FreeRTOS/debug/libFreeRTOS_efm32_debug.a(queue.o) (vListInitialise)
./../Libraries/EMlib/debug/libEMLib_efm32_debug.a(em_adc.o)
                              ./../Platform/BSP/debug/libBSP_efm32_debug.a(BSP_Board.o) (ADC_Init)
./../Libraries/EMlib/debug/libEMLib_efm32_debug.a(em_cmu.o)
                              ./../Platform/BSP/debug/libBSP_efm32_debug.a(BSP_Board.o) (CMU_ClockDivSet)
./../Libraries/EMlib/debug/libEMLib_efm32_debug.a(em_msc.o)
                              ./../Platform/BSP/debug/libBSP_efm32_debug.a(BSP_Board.o) (MSC_Init)
./../Libraries/EMlib/debug/libEMLib_efm32_debug.a(em_dma.o)
                              ./../Platform/BSP/debug/libBSP_efm32_debug.a(BSP_DMA.o) (DMA_Reset)
./../Libraries/EMlib/debug/libEMLib_efm32_debug.a(em_emu.o)
                              ./../Libraries/EMlib/debug/libEMLib_efm32_debug.a(em_cmu.o) (EMU_UpdateOscConfig)
./../Libraries/EMlib/debug/libEMLib_efm32_debug.a(em_gpio.o)
                              ./../Platform/BSP/debug/libBSP_efm32_debug.a(BSP_Board.o) (GPIO_DriveModeSet)
./../Libraries/EMlib/debug/libEMLib_efm32_debug.a(em_int.o)
                              C:/XDK-Workbench/workspace/SendAccelerometerDataOverBle/debug/objects/./../Libraries/EMlib/3rd-party/EMLib/usb/src/em_usbdint.o (INT_LockCnt)
./../Libraries/EMlib/debug/libEMLib_efm32_debug.a(em_i2c.o)
                              ./../Platform/BSP/debug/libBSP_efm32_debug.a(BSP_SensorNode.o) (I2C_Enable)
./../Libraries/EMlib/debug/libEMLib_efm32_debug.a(em_usart.o)
[...]
Memory Configuration

Name             Origin             Length             Attributes
FLASH            0x00010000         0x000f0000         xr
RAM              0x20000000         0x00020000         xrw
*default*        0x00000000         0xffffffff

Linker script and memory map

LOAD c:/xdk-workbench/armgcc/bin/../lib/gcc/arm-none-eabi/4.7.4/armv7-m/crti.o
LOAD c:/xdk-workbench/armgcc/bin/../lib/gcc/arm-none-eabi/4.7.4/armv7-m/crtbegin.o
LOAD c:/xdk-workbench/armgcc/bin/../lib/gcc/arm-none-eabi/4.7.4/../../../../arm-none-eabi/lib/armv7-m/crt0.o
LOAD C:/XDK-Workbench/workspace/SendAccelerometerDataOverBle/debug/objects/source/Assert.o
LOAD C:/XDK-Workbench/workspace/SendAccelerometerDataOverBle/debug/objects/source/RetargetStdio.o
LOAD C:/XDK-Workbench/workspace/SendAccelerometerDataOverBle/debug/objects/source/UsbResetUtility.o
LOAD C:/XDK-Workbench/workspace/SendAccelerometerDataOverBle/debug/objects/source/SensorHandle.o
LOAD C:/XDK-Workbench/workspace/SendAccelerometerDataOverBle/debug/objects/source/SystemStartup.o
LOAD C:/XDK-Workbench/workspace/SendAccelerometerDataOverBle/debug/objects/source/XdkVersion.o
LOAD C:/XDK-Workbench/workspace/SendAccelerometerDataOverBle/debug/objects/./../Libraries/EMlib/3rd-party/EMLib/usb/src/em_usbdint.o
LOAD C:/XDK-Workbench/workspace/SendAccelerometerDataOverBle/debug/objects/Main.o
LOAD C:/XDK-Workbench/workspace/SendAccelerometerDataOverBle/debug/objects/SendAccelerometerDataOverBle.o
LOAD C:/XDK-Workbench/workspace/SendAccelerometerDataOverBle/debug/objects/startup_efm32gg.o
START GROUP
LOAD ./../Platform/SensorUtils/debug/libSensorUtils_efm32_debug.a
LOAD ./../Platform/Sensors/debug/libSensors_efm32_debug.a
LOAD ./../Platform/BSP/debug/libBSP_efm32_debug.a
LOAD ./../Libraries/FreeRTOS/debug/libFreeRTOS_efm32_debug.a
LOAD ./../Libraries/EMlib/debug/libEMLib_efm32_debug.a
LOAD ./../Libraries/BSTLib/debug/libBSTLib_efm32_debug.a
LOAD ./../Libraries/WiFi/debug/libWiFi_efm32_debug.a
LOAD ./../Libraries/FATfs/debug/libFATfs_efm32_debug.a
LOAD ./../Libraries/BLEStack/3rd-party/Alpwise/ALPW-BLESDKCM3/BLESW_CoreStack/Libraries/BLESW_CoreStack_CM3.a
LOAD ./../Libraries/BLEStack/3rd-party/Alpwise/ALPW-BLESDKCM3/BLESW_ALPWDataExchange/Libraries/BLESW_ALPWDEP_Server_CM3.a
LOAD ./../Libraries/BLEStack/3rd-party/Alpwise/ALPW-BLESDKCM3/BLESW_CoreStack/Libraries/BLESW_ALPWDES_CM3.a
LOAD ./../Libraries/BLEStack/3rd-party/Alpwise/ALPW-BLESDKCM3/BLESW_AlertNotification/Libraries/BLESW_ANP_Server_CM3.a
LOAD ./../Libraries/BLEStack/3rd-party/Alpwise/ALPW-BLESDKCM3/BLESW_CoreStack/Libraries/BLESW_ANS_CM3.a
LOAD ./../Libraries/BLEStack/3rd-party/Alpwise/ALPW-BLESDKCM3/BLESW_BloodPressure/Libraries/BLESW_BLP_Sensor_CM3.a
LOAD ./../Libraries/BLEStack/3rd-party/Alpwise/ALPW-BLESDKCM3/BLESW_CoreStack/Libraries/BLESW_BLS_CM3.a
LOAD ./../Libraries/BLEStack/3rd-party/Alpwise/ALPW-BLESDKCM3/BLESW_CyclingPower/Libraries/BLESW_CPP_Sensor_CM3.a
LOAD ./../Libraries/BLEStack/3rd-party/Alpwise/ALPW-BLESDKCM3/BLESW_CoreStack/Libraries/BLESW_CPS_CM3.a
LOAD ./../Libraries/BLEStack/3rd-party/Alpwise/ALPW-BLESDKCM3/BLESW_CyclingSpeedAndCadence/Libraries/BLESW_CSCP_Sensor_CM3.a
LOAD ./../Libraries/BLEStack/3rd-party/Alpwise/ALPW-BLESDKCM3/BLESW_CoreStack/Libraries/BLESW_CSCS_CM3.a
LOAD ./../Libraries/BLEStack/3rd-party/Alpwise/ALPW-BLESDKCM3/BLESW_Glucose/Libraries/BLESW_GLP_Sensor_CM3.a
LOAD ./../Libraries/BLEStack/3rd-party/Alpwise/ALPW-BLESDKCM3/BLESW_CoreStack/Libraries/BLESW_GLS_CM3.a
LOAD ./../Libraries/BLEStack/3rd-party/Alpwise/ALPW-BLESDKCM3/BLESW_HealthThermometer/Libraries/BLESW_HTP_Thermometer_CM3.a
LOAD ./../Libraries/BLEStack/3rd-party/Alpwise/ALPW-BLESDKCM3/BLESW_CoreStack/Libraries/BLESW_HTS_CM3.a
LOAD ./../Libraries/BLEStack/3rd-party/Alpwise/ALPW-BLESDKCM3/BLESW_HeartRate/Libraries/BLESW_HRP_Sensor_CM3.a
LOAD ./../Libraries/BLEStack/3rd-party/Alpwise/ALPW-BLESDKCM3/BLESW_CoreStack/Libraries/BLESW_HRS_CM3.a
LOAD ./../Libraries/BLEStack/3rd-party/Alpwise/ALPW-BLESDKCM3/BLESW_HumanInterfaceDevice/Libraries/BLESW_HID_Host_CM3.a
LOAD ./../Libraries/BLEStack/3rd-party/Alpwise/ALPW-BLESDKCM3/BLESW_CoreStack/Libraries/BLESW_HIDS_CM3.a
LOAD ./../Libraries/BLEStack/3rd-party/Alpwise/ALPW-BLESDKCM3/BLESW_LocationAndNavigation/Libraries/BLESW_LNP_Sensor_CM3.a
LOAD ./../Libraries/BLEStack/3rd-party/Alpwise/ALPW-BLESDKCM3/BLESW_CoreStack/Libraries/BLESW_LNS_CM3.a
LOAD ./../Libraries/BLEStack/3rd-party/Alpwise/ALPW-BLESDKCM3/BLESW_NetworkAvailability/Libraries/BLESW_NWAP_Reporter_CM3.a
LOAD ./../Libraries/BLEStack/3rd-party/Alpwise/ALPW-BLESDKCM3/BLESW_CoreStack/Libraries/BLESW_NWAS_CM3.a
LOAD ./../Libraries/BLEStack/3rd-party/Alpwise/ALPW-BLESDKCM3/BLESW_PhoneAlertStatus/Libraries/BLESW_PASP_Server_CM3.a
LOAD ./../Libraries/BLEStack/3rd-party/Alpwise/ALPW-BLESDKCM3/BLESW_CoreStack/Libraries/BLESW_PASS_CM3.a
LOAD ./../Libraries/BLEStack/3rd-party/Alpwise/ALPW-BLESDKCM3/BLESW_RunningSpeedAndCadence/Libraries/BLESW_RSCP_Sensor_CM3.a
LOAD ./../Libraries/BLEStack/3rd-party/Alpwise/ALPW-BLESDKCM3/BLESW_CoreStack/Libraries/BLESW_RSCS_CM3.a
LOAD ./../Libraries/EMlib/3rd-party/EMLib/CMSIS/Lib/GCC/libarm_cortexM3l_math.a
LOAD ./../Libraries/BSX/BSX4/Source/algo/algo_bsx/Lib/libalgobsxm3/libalgobsx.a
LOAD ./../Platform/Essentials/release/libEssentials_efm32.a
LOAD ./../Platform/Utils/release/libUtils_efm32.a
LOAD ./../Platform/Drivers/release/libDrivers_efm32.a
LOAD ./../Platform/FOTA/release/libFOTA_efm32.a
LOAD ./../Platform/Wlan/release/libWlan_efm32.a
LOAD ./../Platform/BLE/release/libBLE_efm32.a
LOAD ./../Libraries/Escrypt_CycurTLS/release/libEscrypt_CycurTLS_efm32.a
LOAD ./../Platform/ServalPAL_WiFi/release/libServalPalWifi_efm32.a
LOAD ./../Platform/SensorToolbox/release/libSensorToolbox_efm32.a
END GROUP
START GROUP
LOAD c:/xdk-workbench/armgcc/bin/../lib/gcc/arm-none-eabi/4.7.4/armv7-m\libgcc.a
LOAD c:/xdk-workbench/armgcc/bin/../lib/gcc/arm-none-eabi/4.7.4/../../../../arm-none-eabi/lib/armv7-m\libc.a
LOAD c:/xdk-workbench/armgcc/bin/../lib/gcc/arm-none-eabi/4.7.4/../../../../arm-none-eabi/lib/armv7-m\libm.a
END GROUP
START GROUP
LOAD c:/xdk-workbench/armgcc/bin/../lib/gcc/arm-none-eabi/4.7.4/armv7-m\libgcc.a
LOAD c:/xdk-workbench/armgcc/bin/../lib/gcc/arm-none-eabi/4.7.4/../../../../arm-none-eabi/lib/armv7-m\libc.a
END GROUP
LOAD c:/xdk-workbench/armgcc/bin/../lib/gcc/arm-none-eabi/4.7.4/armv7-m/crtend.o
LOAD c:/xdk-workbench/armgcc/bin/../lib/gcc/arm-none-eabi/4.7.4/armv7-m/crtn.o

.text           0x00010000    0x25fac
 *(.isr_vector)
 .isr_vector    0x00010000      0x100 C:/XDK-Workbench/workspace/SendAccelerometerDataOverBle/debug/objects/startup_efm32gg.o
                0x00010000                __isr_vector
 *(.text*)
 .text          0x00010100       0x54 c:/xdk-workbench/armgcc/bin/../lib/gcc/arm-none-eabi/4.7.4/armv7-m/crtbegin.o
 .text          0x00010154       0x70 c:/xdk-workbench/armgcc/bin/../lib/gcc/arm-none-eabi/4.7.4/../../../../arm-none-eabi/lib/armv7-m/crt0.o
                0x00010154                _start
                0x00010154                start
                0x00010154                _mainCRTStartup
 .text.Assert_Initialize
                0x000101c4       0x40 C:/XDK-Workbench/workspace/SendAccelerometerDataOverBle/debug/objects/source/Assert.o
                0x000101c4                Assert_Initialize
 .text.Assert_Dynamic
                0x00010204       0x2c C:/XDK-Workbench/workspace/SendAccelerometerDataOverBle/debug/objects/source/Assert.o
                0x00010204                Assert_Dynamic
 .text._close   0x00010230       0x18 C:/XDK-Workbench/workspace/SendAccelerometerDataOverBle/debug/objects/source/RetargetStdio.o
                0x00010230                _close
 .text._exit    0x00010248        0xc C:/XDK-Workbench/workspace/SendAccelerometerDataOverBle/debug/objects/source/RetargetStdio.o
                0x00010248                _exit
 .text._fstat   0x00010254       0x24 C:/XDK-Workbench/workspace/SendAccelerometerDataOverBle/debug/objects/source/RetargetStdio.o
                0x00010254                _fstat
 .text._isatty  0x00010278       0x18 C:/XDK-Workbench/workspace/SendAccelerometerDataOverBle/debug/objects/source/RetargetStdio.o
                0x00010278                _isatty
 .text._lseek   0x00010290       0x1c C:/XDK-Workbench/workspace/SendAccelerometerDataOverBle/debug/objects/source/RetargetStdio.o
                0x00010290                _lseek
 .text._read    0x000102ac       0x70 C:/XDK-Workbench/workspace/SendAccelerometerDataOverBle/debug/objects/source/RetargetStdio.o
                0x000102ac                _read
 .text._sbrk    0x0001031c       0xa0 C:/XDK-Workbench/workspace/SendAccelerometerDataOverBle/debug/objects/source/RetargetStdio.o
                0x0001031c                _sbrk
 .text._write   0x000103bc       0x20 C:/XDK-Workbench/workspace/SendAccelerometerDataOverBle/debug/objects/source/RetargetStdio.o
                0x000103bc                _write
 .text.NVIC_SystemReset
                0x000103dc       0x30 C:/XDK-Workbench/workspace/SendAccelerometerDataOverBle/debug/objects/source/UsbResetUtility.o
 .text.UsbResetUtility_SystemReset
                0x0001040c       0x10 C:/XDK-Workbench/workspace/SendAccelerometerDataOverBle/debug/objects/source/UsbResetUtility.o
 .text.UsbResetUtility_InteruptHandling
                0x0001041c       0x54 C:/XDK-Workbench/workspace/SendAccelerometerDataOverBle/debug/objects/source/UsbResetUtility.o
 .text.UsbResetUtility_Init
                0x00010470       0x40 C:/XDK-Workbench/workspace/SendAccelerometerDataOverBle/debug/objects/source/UsbResetUtility.o
                0x00010470                UsbResetUtility_Init
 .text.UsbResetUtility_UsbISRCallback
                0x000104b0      0x138 C:/XDK-Workbench/workspace/SendAccelerometerDataOverBle/debug/objects/source/UsbResetUtility.o
                0x000104b0                UsbResetUtility_UsbISRCallback
 .text.Retcode_GetPackage
                0x000105e8       0x1c C:/XDK-Workbench/workspace/SendAccelerometerDataOverBle/debug/objects/source/SystemStartup.o
 .text.Retcode_GetModuleId
                0x00010604       0x1c C:/XDK-Workbench/workspace/SendAccelerometerDataOverBle/debug/objects/source/SystemStartup.o
 .text.Retcode_GetSeverity
                0x00010620       0x24 C:/XDK-Workbench/workspace/SendAccelerometerDataOverBle/debug/objects/source/SystemStartup.o
 .text.Retcode_GetCode
                0x00010644       0x20 C:/XDK-Workbench/workspace/SendAccelerometerDataOverBle/debug/objects/source/SystemStartup.o
 .text.bleGetMacAddress
                0x00010664       0xec C:/XDK-Workbench/workspace/SendAccelerometerDataOverBle/debug/objects/source/SystemStartup.o
 .text.SysTickPreCallback
                0x00010750       0x14 C:/XDK-Workbench/workspace/SendAccelerometerDataOverBle/debug/objects/source/SystemStartup.o
 .text.DefaultErrorHandlingFunc
                0x00010764       0xf4 C:/XDK-Workbench/workspace/SendAccelerometerDataOverBle/debug/objects/source/SystemStartup.o
                0x00010764                DefaultErrorHandlingFunc
 .text.assertIndicationMapping
                0x00010858       0x44 C:/XDK-Workbench/workspace/SendAccelerometerDataOverBle/debug/objects/source/SystemStartup.o
                0x00010858                assertIndicationMapping
 .text.systemStartup
                0x0001089c      0x154 C:/XDK-Workbench/workspace/SendAccelerometerDataOverBle/debug/objects/source/SystemStartup.o
                0x0001089c                systemStartup
 .text.vApplicationStackOverflowHook
                0x000109f0       0x5c C:/XDK-Workbench/workspace/SendAccelerometerDataOverBle/debug/objects/source/SystemStartup.o
                0x000109f0                vApplicationStackOverflowHook
 .text.vApplicationMallocFailedHook
                0x00010a4c       0x14 C:/XDK-Workbench/workspace/SendAccelerometerDataOverBle/debug/objects/source/SystemStartup.o
                0x00010a4c                vApplicationMallocFailedHook
 .text.INT_Disable
                0x00010a60       0x40 C:/XDK-Workbench/workspace/SendAccelerometerDataOverBle/debug/objects/./../Libraries/EMlib/3rd-party/EMLib/usb/src/em_usbdint.o
 .text.INT_Enable
                0x00010aa0       0x54 C:/XDK-Workbench/workspace/SendAccelerometerDataOverBle/debug/objects/./../Libraries/EMlib/3rd-party/EMLib/usb/src/em_usbdint.o
 .text.USBHAL_FlushTxFifo
                0x00010af4       0x4c C:/XDK-Workbench/workspace/SendAccelerometerDataOverBle/debug/objects/./../Libraries/EMlib/3rd-party/EMLib/usb/src/em_usbdint.o
 .text.USBHAL_GetCoreInts
                0x00010b40       0x40 C:/XDK-Workbench/workspace/SendAccelerometerDataOverBle/debug/objects/./../Libraries/EMlib/3rd-party/EMLib/usb/src/em_usbdint.o
 .text.USBDHAL_EnableInts
                0x00010b80       0x70 C:/XDK-Workbench/workspace/SendAccelerometerDataOverBle/debug/objects/./../Libraries/EMlib/3rd-party/EMLib/usb/src/em_usbdint.o
 .text.USBDHAL_Ep0Activate
                0x00010bf0       0x70 C:/XDK-Workbench/workspace/SendAccelerometerDataOverBle/debug/objects/./../Libraries/EMlib/3rd-party/EMLib/usb/src/em_usbdint.o
 .text.USBDHAL_GetAllInEpInts
                0x00010c60       0x48 C:/XDK-Workbench/workspace/SendAccelerometerDataOverBle/debug/objects/./../Libraries/EMlib/3rd-party/EMLib/usb/src/em_usbdint.o
 .text.USBDHAL_GetAllOutEpInts
                0x00010ca8       0x44 C:/XDK-Workbench/workspace/SendAccelerometerDataOverBle/debug/objects/./../Libraries/EMlib/3rd-party/EMLib/usb/src/em_usbdint.o
 .text.USBDHAL_GetInEpInts
                0x00010cec       0x44 C:/XDK-Workbench/workspace/SendAccelerometerDataOverBle/debug/objects/./../Libraries/EMlib/3rd-party/EMLib/usb/src/em_usbdint.o
 .text.USBDHAL_GetOutEpInts
                0x00010d30       0x44 C:/XDK-Workbench/workspace/SendAccelerometerDataOverBle/debug/objects/./../Libraries/EMlib/3rd-party/EMLib/usb/src/em_usbdint.o
 .text.USBDHAL_StartEp0Setup
                0x00010d74       0x88 C:/XDK-Workbench/workspace/SendAccelerometerDataOverBle/debug/objects/./../Libraries/EMlib/3rd-party/EMLib/usb/src/em_usbdint.o
 .text.USBD_GetEpFromAddr
                0x00010dfc       0xa0 C:/XDK-Workbench/workspace/SendAccelerometerDataOverBle/debug/objects/./../Libraries/EMlib/3rd-party/EMLib/usb/src/em_usbdint.o
 .text.USB_IRQHandler
                0x00010e9c      0x16c C:/XDK-Workbench/workspace/SendAccelerometerDataOverBle/debug/objects/./../Libraries/EMlib/3rd-party/EMLib/usb/src/em_usbdint.o
                0x00010e9c                USB_IRQHandler
 .text.Handle_USB_GINTSTS_ENUMDONE
                0x00011008       0x3c C:/XDK-Workbench/workspace/SendAccelerometerDataOverBle/debug/objects/./../Libraries/EMlib/3rd-party/EMLib/usb/src/em_usbdint.o
 .text.Handle_USB_GINTSTS_IEPINT
                0x00011044      0x118 C:/XDK-Workbench/workspace/SendAccelerometerDataOverBle/debug/objects/./../Libraries/EMlib/3rd-party/EMLib/usb/src/em_usbdint.o
 .text.Handle_USB_GINTSTS_OEPINT
                0x0001115c      0x230 C:/XDK-Workbench/workspace/SendAccelerometerDataOverBle/debug/objects/./../Libraries/EMlib/3rd-party/EMLib/usb/src/em_usbdint.o
 .text.Handle_USB_GINTSTS_RESETDET
                0x0001138c       0x40 C:/XDK-Workbench/workspace/SendAccelerometerDataOverBle/debug/objects/./../Libraries/EMlib/3rd-party/EMLib/usb/src/em_usbdint.o
 .text.Handle_USB_GINTSTS_SOF
                0x000113cc       0x64 C:/XDK-Workbench/workspace/SendAccelerometerDataOverBle/debug/objects/./../Libraries/EMlib/3rd-party/EMLib/usb/src/em_usbdint.o
 .text.Handle_USB_GINTSTS_USBRST
                0x00011430      0x150 C:/XDK-Workbench/workspace/SendAccelerometerDataOverBle/debug/objects/./../Libraries/EMlib/3rd-party/EMLib/usb/src/em_usbdint.o
 .text.Handle_USB_GINTSTS_USBSUSP
                0x00011580       0x68 C:/XDK-Workbench/workspace/SendAccelerometerDataOverBle/debug/objects/./../Libraries/EMlib/3rd-party/EMLib/usb/src/em_usbdint.o
 .text.Handle_USB_GINTSTS_WKUPINT
                0x000115e8       0x30 C:/XDK-Workbench/workspace/SendAccelerometerDataOverBle/debug/objects/./../Libraries/EMlib/3rd-party/EMLib/usb/src/em_usbdint.o
 .text.main     0x00011618       0xa8 C:/XDK-Workbench/workspace/SendAccelerometerDataOverBle/debug/objects/Main.o
                0x00011618                main
 .text.BleEventCallBack
                0x000116c0      0x134 C:/XDK-Workbench/workspace/SendAccelerometerDataOverBle/debug/objects/SendAccelerometerDataOverBle.o
 .text.BleAccelDataSentCallback
                0x000117f4       0x54 C:/XDK-Workbench/workspace/SendAccelerometerDataOverBle/debug/objects/SendAccelerometerDataOverBle.o
 .text.BleStartEndMsgSend
                0x00011848       0x8c C:/XDK-Workbench/workspace/SendAccelerometerDataOverBle/debug/objects/SendAccelerometerDataOverBle.o
 .text.BleDataReceivedCallBack
                0x000118d4      0x240 C:/XDK-Workbench/workspace/SendAccelerometerDataOverBle/debug/objects/SendAccelerometerDataOverBle.o
 .text.BiDirectionalServiceRegistryCallback
                0x00011b14       0x3c C:/XDK-Workbench/workspace/SendAccelerometerDataOverBle/debug/objects/SendAccelerometerDataOverBle.o
 .text.BleAccelDataTransmit
                0x00011b50      0x20c C:/XDK-Workbench/workspace/SendAccelerometerDataOverBle/debug/objects/SendAccelerometerDataOverBle.o
 .text.calculateMagnitude
                0x00011d5c       0x50 C:/XDK-Workbench/workspace/SendAccelerometerDataOverBle/debug/objects/SendAccelerometerDataOverBle.o
                0x00011d5c                calculateMagnitude
 .text.EnqueueAccelDatatoBLE
                0x00011dac       0x44 C:/XDK-Workbench/workspace/SendAccelerometerDataOverBle/debug/objects/SendAccelerometerDataOverBle.o
 .text.init     0x00011df0      0x20c C:/XDK-Workbench/workspace/SendAccelerometerDataOverBle/debug/objects/SendAccelerometerDataOverBle.o
                0x00011df0                init
 .text.handleMagnetometerResponse
                0x00011ffc       0x70 C:/XDK-Workbench/workspace/SendAccelerometerDataOverBle/debug/objects/SendAccelerometerDataOverBle.o
                0x00011ffc                handleMagnetometerResponse
 .text.readLightSensor
                0x0001206c       0xa0 C:/XDK-Workbench/workspace/SendAccelerometerDataOverBle/debug/objects/SendAccelerometerDataOverBle.o
                0x0001206c                readLightSensor
 .text.handleLeds
                0x0001210c       0xa0 C:/XDK-Workbench/workspace/SendAccelerometerDataOverBle/debug/objects/SendAccelerometerDataOverBle.o
                0x0001210c                handleLeds
 .text.ledsManagement
                0x000121ac       0x68 C:/XDK-Workbench/workspace/SendAccelerometerDataOverBle/debug/objects/SendAccelerometerDataOverBle.o
                0x000121ac                ledsManagement
 .text.initLightSensor
                0x00012214       0x78 C:/XDK-Workbench/workspace/SendAccelerometerDataOverBle/debug/objects/SendAccelerometerDataOverBle.o
                0x00012214                initLightSensor
 .text.initMagnetometer
                0x0001228c       0x98 C:/XDK-Workbench/workspace/SendAccelerometerDataOverBle/debug/objects/SendAccelerometerDataOverBle.o
                0x0001228c                initMagnetometer
 .text.LedInitialize
                0x00012324       0x74 C:/XDK-Workbench/workspace/SendAccelerometerDataOverBle/debug/objects/SendAccelerometerDataOverBle.o
                0x00012324                LedInitialize
 .text.appInitSystem
                0x00012398       0x6c C:/XDK-Workbench/workspace/SendAccelerometerDataOverBle/debug/objects/SendAccelerometerDataOverBle.o
                0x00012398                appInitSystem
 .text          0x00012404       0x98 C:/XDK-Workbench/workspace/SendAccelerometerDataOverBle/debug/objects/startup_efm32gg.o
                0x00012404                Reset_Handler
                0x00012438                Default_Handler
                0x0001243a                NMI_Handler
                0x0001243c                HardFault_Handler
                0x0001243e                MemManage_Handler
                0x00012440                BusFault_Handler
                0x00012442                UsageFault_Handler
                0x00012446                DebugMon_Handler
                0x00012450                TIMER0_IRQHandler
                0x00012456                ACMP0_IRQHandler
                0x0001245a                ADC0_IRQHandler
                0x0001245c                DAC0_IRQHandler
                0x00012460                I2C1_IRQHandler
                0x00012464                TIMER1_IRQHandler
                0x00012466                TIMER2_IRQHandler
                0x00012468                TIMER3_IRQHandler
                0x0001246e                LESENSE_IRQHandler
                0x00012470                USART2_RX_IRQHandler
                0x00012472                USART2_TX_IRQHandler
                0x00012478                UART1_RX_IRQHandler
                0x0001247a                UART1_TX_IRQHandler
                0x0001247c                LEUART0_IRQHandler
                0x0001247e                LEUART1_IRQHandler
                0x00012480                LETIMER0_IRQHandler
                0x00012482                PCNT0_IRQHandler
                0x00012484                PCNT1_IRQHandler
                0x00012486                PCNT2_IRQHandler
                0x0001248a                BURTC_IRQHandler
                0x0001248c                CMU_IRQHandler
                0x0001248e                VCMP_IRQHandler
                0x00012490                LCD_IRQHandler
                0x00012492                MSC_IRQHandler
                0x00012494                AES_IRQHandler
                0x00012496                EBI_IRQHandler
                0x00012498                EMU_IRQHandler
 .text.Retcode_GetPackage
                0x0001249c       0x1c ./../Platform/Sensors/debug/libSensors_efm32_debug.a(Accelerometer.o)
 .text.Retcode_GetCode
                0x000124b8       0x20 ./../Platform/Sensors/debug/libSensors_efm32_debug.a(Accelerometer.o)
 .text.bmaIsrCallback
                0x000124d8       0xe0 ./../Platform/Sensors/debug/libSensors_efm32_debug.a(Accelerometer.o)
 .text.Accelerometer_init
                0x000125b8      0x10c ./../Platform/Sensors/debug/libSensors_efm32_debug.a(Accelerometer.o)
                0x000125b8                Accelerometer_init
 .text.Retcode_GetPackage
                0x000126c4       0x1c ./../Platform/Sensors/debug/libSensors_efm32_debug.a(LightSensor.o)
 .text.maxIsrCallback
                0x000126e0       0xbc ./../Platform/Sensors/debug/libSensors_efm32_debug.a(LightSensor.o)
 .text.LightSensor_init
                0x0001279c       0xb8 ./../Platform/Sensors/debug/libSensors_efm32_debug.a(LightSensor.o)
                0x0001279c                LightSensor_init
 .text.LightSensor_setBrightness
                0x00012854       0xa4 ./../Platform/Sensors/debug/libSensors_efm32_debug.a(LightSensor.o)
                0x00012854                LightSensor_setBrightness
 .text.LightSensor_readLuxData
                0x000128f8       0xac ./../Platform/Sensors/debug/libSensors_efm32_debug.a(LightSensor.o)
                0x000128f8                LightSensor_readLuxData
 .text.Retcode_GetPackage
                0x000129a4       0x1c ./../Platform/Sensors/debug/libSensors_efm32_debug.a(Magnetometer.o)
 .text.bmmIsrCallback
                0x000129c0       0x14 ./../Platform/Sensors/debug/libSensors_efm32_debug.a(Magnetometer.o)
 .text.bmm150LibErrorMapping
                0x000129d4       0x48 ./../Platform/Sensors/debug/libSensors_efm32_debug.a(Magnetometer.o)
 .text.readMagData
                0x00012a1c       0x80 ./../Platform/Sensors/debug/libSensors_efm32_debug.a(Magnetometer.o)
 .text.Magnetometer_init
                0x00012a9c       0xac ./../Platform/Sensors/debug/libSensors_efm32_debug.a(Magnetometer.o)
                0x00012a9c                Magnetometer_init
 .text.Magnetometer_setPresetMode
                0x00012b48       0xc0 ./../Platform/Sensors/debug/libSensors_efm32_debug.a(Magnetometer.o)
                0x00012b48                Magnetometer_setPresetMode
 .text.Magnetometer_setDataRate
                0x00012c08       0xc0 ./../Platform/Sensors/debug/libSensors_efm32_debug.a(Magnetometer.o)
                0x00012c08                Magnetometer_setDataRate
 .text.Magnetometer_readXyzTeslaData
                0x00012cc8      0x114 ./../Platform/Sensors/debug/libSensors_efm32_debug.a(Magnetometer.o)
                0x00012cc8                Magnetometer_readXyzTeslaData
 .text.GPIO_PinOutClear
                0x00012ddc       0x4c ./../Platform/BSP/debug/libBSP_efm32_debug.a(BSP_LED.o)
 .text.GPIO_PinOutSet
                0x00012e28       0x4c ./../Platform/BSP/debug/libBSP_efm32_debug.a(BSP_LED.o)
 .text.GPIO_PinOutToggle
                0x00012e74       0x4c ./../Platform/BSP/debug/libBSP_efm32_debug.a(BSP_LED.o)
 .text.BSP_LED_Connect
                0x00012ec0       0x48 ./../Platform/BSP/debug/libBSP_efm32_debug.a(BSP_LED.o)
                0x00012ec0                BSP_LED_Connect
 .text.BSP_LED_Enable
                0x00012f08       0x64 ./../Platform/BSP/debug/libBSP_efm32_debug.a(BSP_LED.o)
                0x00012f08                BSP_LED_Enable
 .text.BSP_LED_EnableAll
                0x00012f6c       0x3c ./../Platform/BSP/debug/libBSP_efm32_debug.a(BSP_LED.o)
                0x00012f6c                BSP_LED_EnableAll
 .text.BSP_LED_Switch
                0x00012fa8      0x15c ./../Platform/BSP/debug/libBSP_efm32_debug.a(BSP_LED.o)
                0x00012fa8                BSP_LED_Switch
 .text.BSP_LED_SwitchAll
                0x00013104       0xd0 ./../Platform/BSP/debug/libBSP_efm32_debug.a(BSP_LED.o)
                0x00013104                BSP_LED_SwitchAll
 .text.USB_setSerialNumber
                0x000131d4       0x7c ./../Platform/BSP/debug/libBSP_efm32_debug.a(BSP_USB.o)
 .text.USB_dataReceivedCallback
                0x00013250       0x98 ./../Platform/BSP/debug/libBSP_efm32_debug.a(BSP_USB.o)
 .text.USB_dataTransferred
                0x000132e8       0x4c ./../Platform/BSP/debug/libBSP_efm32_debug.a(BSP_USB.o)
 .text.USB_stateChange
                0x00013334       0x58 ./../Platform/BSP/debug/libBSP_efm32_debug.a(BSP_USB.o)
                0x00013334                USB_stateChange
 .text.USB_setupCommand
                0x0001338c      0x108 ./../Platform/BSP/debug/libBSP_efm32_debug.a(BSP_USB.o)
                0x0001338c                USB_setupCommand
 .text.USB_init
                0x00013494       0xd0 ./../Platform/BSP/debug/libBSP_efm32_debug.a(BSP_USB.o)
                0x00013494                USB_init
 .text.USB_receiveByte
                0x00013564       0xa0 ./../Platform/BSP/debug/libBSP_efm32_debug.a(BSP_USB.o)
                0x00013564                USB_receiveByte
 .text.RETARGET_WriteChar
                0x00013604       0x2c ./../Platform/BSP/debug/libBSP_efm32_debug.a(BSP_USB.o)
                0x00013604                RETARGET_WriteChar
 .text.USB_transmitData
                0x00013630       0xc4 ./../Platform/BSP/debug/libBSP_efm32_debug.a(BSP_USB.o)
                0x00013630                USB_transmitData
 .text.RETARGET_ReadChar
                0x000136f4       0x24 ./../Platform/BSP/debug/libBSP_efm32_debug.a(BSP_USB.o)
                0x000136f4                RETARGET_ReadChar
 .text.USB_callBackMapping
                0x00013718       0x38 ./../Platform/BSP/debug/libBSP_efm32_debug.a(BSP_USB.o)
                0x00013718                USB_callBackMapping
 .text.NVIC_SetPriorityGrouping
                0x00013750       0x50 ./../Platform/BSP/debug/libBSP_efm32_debug.a(BSP_Board.o)
 .text.NVIC_EnableIRQ
                0x000137a0       0x38 ./../Platform/BSP/debug/libBSP_efm32_debug.a(BSP_Board.o)
 .text.NVIC_DisableIRQ
                0x000137d8       0x3c ./../Platform/BSP/debug/libBSP_efm32_debug.a(BSP_Board.o)
 .text.NVIC_ClearPendingIRQ
                0x00013814       0x3c ./../Platform/BSP/debug/libBSP_efm32_debug.a(BSP_Board.o)
 .text.NVIC_SetPriority
                0x00013850       0x5c ./../Platform/BSP/debug/libBSP_efm32_debug.a(BSP_Board.o)
 .text.SysTick_Config
                0x000138ac       0x64 ./../Platform/BSP/debug/libBSP_efm32_debug.a(BSP_Board.o)
 .text.CHIP_Init
                0x00013910       0x50 ./../Platform/BSP/debug/libBSP_efm32_debug.a(BSP_Board.o)
 .text.GPIO_PinOutClear
                0x00013960       0x4c ./../Platform/BSP/debug/libBSP_efm32_debug.a(BSP_Board.o)
 .text.INT_Disable
                0x000139ac       0x40 ./../Platform/BSP/debug/libBSP_efm32_debug.a(BSP_Board.o)
 .text.INT_Enable
                0x000139ec       0x54 ./../Platform/BSP/debug/libBSP_efm32_debug.a(BSP_Board.o)
 .text.BSP_Board_OSTickInitialize
                0x00013a40       0x2c ./../Platform/BSP/debug/libBSP_efm32_debug.a(BSP_Board.o)
                0x00013a40                BSP_Board_OSTickInitialize
 .text.BSP_Board_Initialize
                0x00013a6c      0x150 ./../Platform/BSP/debug/libBSP_efm32_debug.a(BSP_Board.o)
                0x00013a6c                BSP_Board_Initialize
 .text.BSP_Board_Delay
                0x00013bbc       0x30 ./../Platform/BSP/debug/libBSP_efm32_debug.a(BSP_Board.o)
                0x00013bbc                BSP_Board_Delay
 .text.BSP_Board_SetOStoBSPDelayFunc
                0x00013bec       0x20 ./../Platform/BSP/debug/libBSP_efm32_debug.a(BSP_Board.o)
                0x00013bec                BSP_Board_SetOStoBSPDelayFunc
 .text.Board_GPIOInterruptInit
                0x00013c0c       0x30 ./../Platform/BSP/debug/libBSP_efm32_debug.a(BSP_Board.o)
                0x00013c0c                Board_GPIOInterruptInit
 .text.Board_GPIOInterruptGetCallback
                0x00013c3c       0x24 ./../Platform/BSP/debug/libBSP_efm32_debug.a(BSP_Board.o)
                0x00013c3c                Board_GPIOInterruptGetCallback
 .text.Board_GPIOInterruptRegisterCallback
                0x00013c60       0x38 ./../Platform/BSP/debug/libBSP_efm32_debug.a(BSP_Board.o)
                0x00013c60                Board_GPIOInterruptRegisterCallback
 .text.Board_GPIOInterruptDispatch
                0x00013c98       0x64 ./../Platform/BSP/debug/libBSP_efm32_debug.a(BSP_Board.o)
                0x00013c98                Board_GPIOInterruptDispatch
 .text.Board_UART0_UART_Init
                0x00013cfc       0xcc ./../Platform/BSP/debug/libBSP_efm32_debug.a(BSP_Board.o)
                0x00013cfc                Board_UART0_UART_Init
 .text.Board_UART1_UART_Init
                0x00013dc8       0xcc ./../Platform/BSP/debug/libBSP_efm32_debug.a(BSP_Board.o)
                0x00013dc8                Board_UART1_UART_Init
 .text.Board_USART0_SPI_Init
                0x00013e94       0xa8 ./../Platform/BSP/debug/libBSP_efm32_debug.a(BSP_Board.o)
                0x00013e94                Board_USART0_SPI_Init
 .text.Board_USART1_SPI_Init
                0x00013f3c       0x8c ./../Platform/BSP/debug/libBSP_efm32_debug.a(BSP_Board.o)
                0x00013f3c                Board_USART1_SPI_Init
 .text.Board_GPIO_Init
                0x00013fc8       0x6c ./../Platform/BSP/debug/libBSP_efm32_debug.a(BSP_Board.o)
                0x00013fc8                Board_GPIO_Init
 .text.Board_WakeupPowerSupply2V5
                0x00014034       0x50 ./../Platform/BSP/debug/libBSP_efm32_debug.a(BSP_Board.o)
                0x00014034                Board_WakeupPowerSupply2V5
 .text.PowerSupply2V5UpdateRegister
                0x00014084      0x268 ./../Platform/BSP/debug/libBSP_efm32_debug.a(BSP_Board.o)
                0x00014084                PowerSupply2V5UpdateRegister
 .text.Board_ADC_Init
                0x000142ec       0x78 ./../Platform/BSP/debug/libBSP_efm32_debug.a(BSP_Board.o)
                0x000142ec                Board_ADC_Init
 .text.Board_I2C0_Init
                0x00014364       0x54 ./../Platform/BSP/debug/libBSP_efm32_debug.a(BSP_Board.o)
                0x00014364                Board_I2C0_Init
 .text.Board_I2C1_Init
                0x000143b8       0x54 ./../Platform/BSP/debug/libBSP_efm32_debug.a(BSP_Board.o)
                0x000143b8                Board_I2C1_Init
 .text.Board_USB_Init
                0x0001440c       0x70 ./../Platform/BSP/debug/libBSP_efm32_debug.a(BSP_Board.o)
                0x0001440c                Board_USB_Init
 .text.Board_IncTick
                0x0001447c       0x24 ./../Platform/BSP/debug/libBSP_efm32_debug.a(BSP_Board.o)
                0x0001447c                Board_IncTick
 .text.Board_GetTick
                0x000144a0       0x18 ./../Platform/BSP/debug/libBSP_efm32_debug.a(BSP_Board.o)
                0x000144a0                Board_GetTick
 .text.Board_Delay
                0x000144b8       0x30 ./../Platform/BSP/debug/libBSP_efm32_debug.a(BSP_Board.o)
                0x000144b8                Board_Delay
 .text.Board_RTC_Init
                0x000144e8       0xa0 ./../Platform/BSP/debug/libBSP_efm32_debug.a(BSP_Board.o)
                0x000144e8                Board_RTC_Init
 .text.Board_BURTC_Init
                0x00014588       0x28 ./../Platform/BSP/debug/libBSP_efm32_debug.a(BSP_Board.o)
                0x00014588                Board_BURTC_Init
 .text.BSP_Board_EnableSysTick
                0x000145b0       0x38 ./../Platform/BSP/debug/libBSP_efm32_debug.a(BSP_Board.o)
                0x000145b0                BSP_Board_EnableSysTick
 .text.NVIC_EnableIRQ
                0x000145e8       0x38 ./../Platform/BSP/debug/libBSP_efm32_debug.a(BSP_DMA.o)
 .text.NVIC_ClearPendingIRQ
                0x00014620       0x3c ./../Platform/BSP/debug/libBSP_efm32_debug.a(BSP_DMA.o)
 .text.NVIC_SetPriority
                0x0001465c       0x5c ./../Platform/BSP/debug/libBSP_efm32_debug.a(BSP_DMA.o)
 .text.BSP_DMA_Initialize
                0x000146b8       0x88 ./../Platform/BSP/debug/libBSP_efm32_debug.a(BSP_DMA.o)
                0x000146b8                BSP_DMA_Initialize
 .text.BSP_DMA_Enable
                0x00014740       0x54 ./../Platform/BSP/debug/libBSP_efm32_debug.a(BSP_DMA.o)
                0x00014740                BSP_DMA_Enable
 .text.GPIO_IntClear
                0x00014794       0x20 ./../Platform/BSP/debug/libBSP_efm32_debug.a(BSP_IrqHandler.o)
 .text.GPIO_IntGetEnabled
                0x000147b4       0x30 ./../Platform/BSP/debug/libBSP_efm32_debug.a(BSP_IrqHandler.o)
 .text.SysTick_Handler
                0x000147e4       0x40 ./../Platform/BSP/debug/libBSP_efm32_debug.a(BSP_IrqHandler.o)
                0x000147e4                SysTick_Handler
 .text.GPIO_EVEN_IRQHandler
                0x00014824       0x28 ./../Platform/BSP/debug/libBSP_efm32_debug.a(BSP_IrqHandler.o)
                0x00014824                GPIO_EVEN_IRQHandler
 .text.GPIO_ODD_IRQHandler
                0x0001484c       0x28 ./../Platform/BSP/debug/libBSP_efm32_debug.a(BSP_IrqHandler.o)
                0x0001484c                GPIO_ODD_IRQHandler
 .text.UART0_TX_IRQHandler
                0x00014874        0xc ./../Platform/BSP/debug/libBSP_efm32_debug.a(BSP_IrqHandler.o)
                0x00014874                UART0_TX_IRQHandler
 .text.UART0_RX_IRQHandler
                0x00014880        0xc ./../Platform/BSP/debug/libBSP_efm32_debug.a(BSP_IrqHandler.o)
                0x00014880                UART0_RX_IRQHandler
 .text.USART0_TX_IRQHandler
                0x0001488c        0xc ./../Platform/BSP/debug/libBSP_efm32_debug.a(BSP_IrqHandler.o)
                0x0001488c                USART0_TX_IRQHandler
 .text.USART0_RX_IRQHandler
                0x00014898        0xc ./../Platform/BSP/debug/libBSP_efm32_debug.a(BSP_IrqHandler.o)
                0x00014898                USART0_RX_IRQHandler
 .text.I2C0_IRQHandler
                0x000148a4        0xc ./../Platform/BSP/debug/libBSP_efm32_debug.a(BSP_IrqHandler.o)
                0x000148a4                I2C0_IRQHandler
 .text.USART1_TX_IRQHandler
                0x000148b0        0xc ./../Platform/BSP/debug/libBSP_efm32_debug.a(BSP_IrqHandler.o)
                0x000148b0                USART1_TX_IRQHandler
 .text.USART1_RX_IRQHandler
                0x000148bc        0xc ./../Platform/BSP/debug/libBSP_efm32_debug.a(BSP_IrqHandler.o)
                0x000148bc                USART1_RX_IRQHandler
 .text.RTC_IRQHandler
                0x000148c8        0xc ./../Platform/BSP/debug/libBSP_efm32_debug.a(BSP_IrqHandler.o)
                0x000148c8                RTC_IRQHandler
 .text.IrqHandler_SysTickDummyHandler
                0x000148d4       0x10 ./../Platform/BSP/debug/libBSP_efm32_debug.a(BSP_IrqHandler.o)
                0x000148d4                IrqHandler_SysTickDummyHandler
 .text.WiFi_CC3100MOD_SPIRxISR
                0x000148e4       0x28 ./../Platform/BSP/debug/libBSP_efm32_debug.a(BSP_WiFi_cc3100mod.o)
                0x000148e4                WiFi_CC3100MOD_SPIRxISR
 .text.WiFi_CC3100MOD_SPITxISR
                0x0001490c       0x28 ./../Platform/BSP/debug/libBSP_efm32_debug.a(BSP_WiFi_cc3100mod.o)
                0x0001490c                WiFi_CC3100MOD_SPITxISR
 .text.NVIC_EnableIRQ
                0x00014934       0x38 ./../Platform/BSP/debug/libBSP_efm32_debug.a(BSP_BT_EM9301.o)
 .text.NVIC_DisableIRQ
                0x0001496c       0x3c ./../Platform/BSP/debug/libBSP_efm32_debug.a(BSP_BT_EM9301.o)
 .text.NVIC_ClearPendingIRQ
                0x000149a8       0x3c ./../Platform/BSP/debug/libBSP_efm32_debug.a(BSP_BT_EM9301.o)
 .text.NVIC_SetPriority
                0x000149e4       0x5c ./../Platform/BSP/debug/libBSP_efm32_debug.a(BSP_BT_EM9301.o)
 .text.GPIO_PinOutClear
                0x00014a40       0x4c ./../Platform/BSP/debug/libBSP_efm32_debug.a(BSP_BT_EM9301.o)
 .text.GPIO_PinOutSet
                0x00014a8c       0x4c ./../Platform/BSP/debug/libBSP_efm32_debug.a(BSP_BT_EM9301.o)
 .text.BSP_BT_EM9301_Connect
                0x00014ad8       0xa0 ./../Platform/BSP/debug/libBSP_efm32_debug.a(BSP_BT_EM9301.o)
                0x00014ad8                BSP_BT_EM9301_Connect
 .text.BSP_BT_EM9301_Enable
                0x00014b78      0x134 ./../Platform/BSP/debug/libBSP_efm32_debug.a(BSP_BT_EM9301.o)
                0x00014b78                BSP_BT_EM9301_Enable
 .text.BSP_BT_EM9301_Disable
                0x00014cac       0x9c ./../Platform/BSP/debug/libBSP_efm32_debug.a(BSP_BT_EM9301.o)
                0x00014cac                BSP_BT_EM9301_Disable
 .text.BSP_BT_EM9301_Disconnect
                0x00014d48       0x70 ./../Platform/BSP/debug/libBSP_efm32_debug.a(BSP_BT_EM9301.o)
                0x00014d48                BSP_BT_EM9301_Disconnect
 .text.BSP_BT_EM9301_SetWUHigh
                0x00014db8       0x48 ./../Platform/BSP/debug/libBSP_efm32_debug.a(BSP_BT_EM9301.o)
                0x00014db8                BSP_BT_EM9301_SetWUHigh
 .text.BSP_BT_EM9301_SetWULow
                0x00014e00       0x40 ./../Platform/BSP/debug/libBSP_efm32_debug.a(BSP_BT_EM9301.o)
                0x00014e00                BSP_BT_EM9301_SetWULow
 .text.BSP_BT_EM9301_Reset
                0x00014e40       0x34 ./../Platform/BSP/debug/libBSP_efm32_debug.a(BSP_BT_EM9301.o)
                0x00014e40                BSP_BT_EM9301_Reset
 .text.BSP_BT_EM9301_GetUARTHandle
                0x00014e74       0x34 ./../Platform/BSP/debug/libBSP_efm32_debug.a(BSP_BT_EM9301.o)
                0x00014e74                BSP_BT_EM9301_GetUARTHandle
 .text.BT_EM9301_UART_TxISR
                0x00014ea8       0x28 ./../Platform/BSP/debug/libBSP_efm32_debug.a(BSP_BT_EM9301.o)
                0x00014ea8                BT_EM9301_UART_TxISR
 .text.BT_EM9301_UART_RxISR
                0x00014ed0       0x28 ./../Platform/BSP/debug/libBSP_efm32_debug.a(BSP_BT_EM9301.o)
                0x00014ed0                BT_EM9301_UART_RxISR
 .text.NVIC_EnableIRQ
                0x00014ef8       0x38 ./../Platform/BSP/debug/libBSP_efm32_debug.a(BSP_SensorNode.o)
 .text.NVIC_DisableIRQ
                0x00014f30       0x3c ./../Platform/BSP/debug/libBSP_efm32_debug.a(BSP_SensorNode.o)
 .text.NVIC_SetPriority
                0x00014f6c       0x5c ./../Platform/BSP/debug/libBSP_efm32_debug.a(BSP_SensorNode.o)
 .text.GPIO_PinInGet
                0x00014fc8       0x4c ./../Platform/BSP/debug/libBSP_efm32_debug.a(BSP_SensorNode.o)
 .text.GPIO_PinOutSet
                0x00015014       0x4c ./../Platform/BSP/debug/libBSP_efm32_debug.a(BSP_SensorNode.o)
 .text.BSP_SensorNode_Connect
                0x00015060      0x190 ./../Platform/BSP/debug/libBSP_efm32_debug.a(BSP_SensorNode.o)
                0x00015060                BSP_SensorNode_Connect
 .text.BSP_SensorNode_Enable
                0x000151f0      0x408 ./../Platform/BSP/debug/libBSP_efm32_debug.a(BSP_SensorNode.o)
                0x000151f0                BSP_SensorNode_Enable
 .text.BSP_SensorNode_GetI2CHandle
                0x000155f8       0x34 ./../Platform/BSP/debug/libBSP_efm32_debug.a(BSP_SensorNode.o)
                0x000155f8                BSP_SensorNode_GetI2CHandle
 .text.SensorNode_EnableBus
                0x0001562c       0x6c ./../Platform/BSP/debug/libBSP_efm32_debug.a(BSP_SensorNode.o)
 .text.BMA280_INT_InterruptCallback
                0x00015698       0x44 ./../Platform/BSP/debug/libBSP_efm32_debug.a(BSP_SensorNode.o)
 .text.BMA280_INT2_InterruptCallback
                0x000156dc       0x44 ./../Platform/BSP/debug/libBSP_efm32_debug.a(BSP_SensorNode.o)
 .text.MAX44009_INTN_InterruptCallback
                0x00015720       0x44 ./../Platform/BSP/debug/libBSP_efm32_debug.a(BSP_SensorNode.o)
 .text.SensorNode_I2CISR
                0x00015764       0x28 ./../Platform/BSP/debug/libBSP_efm32_debug.a(BSP_SensorNode.o)
                0x00015764                SensorNode_I2CISR
 .text.SDCard_SPIRxISR
                0x0001578c       0x28 ./../Platform/BSP/debug/libBSP_efm32_debug.a(BSP_SDCard.o)
                0x0001578c                SDCard_SPIRxISR
 .text.SDCard_SPITxISR
                0x000157b4       0x28 ./../Platform/BSP/debug/libBSP_efm32_debug.a(BSP_SDCard.o)
                0x000157b4                SDCard_SPITxISR
 .text.xQueueGenericReset
                0x000157dc       0xc8 ./../Libraries/FreeRTOS/debug/libFreeRTOS_efm32_debug.a(queue.o)
                0x000157dc                xQueueGenericReset
 .text.xQueueGenericCreate
                0x000158a4       0xb8 ./../Libraries/FreeRTOS/debug/libFreeRTOS_efm32_debug.a(queue.o)
                0x000158a4                xQueueGenericCreate
 .text.xQueueCreateMutex
                0x0001595c       0xb8 ./../Libraries/FreeRTOS/debug/libFreeRTOS_efm32_debug.a(queue.o)
                0x0001595c                xQueueCreateMutex
 .text.xQueueCreateCountingSemaphore
                0x00015a14       0x78 ./../Libraries/FreeRTOS/debug/libFreeRTOS_efm32_debug.a(queue.o)
                0x00015a14                xQueueCreateCountingSemaphore
 .text.xQueueGenericSend
                0x00015a8c      0x1c8 ./../Libraries/FreeRTOS/debug/libFreeRTOS_efm32_debug.a(queue.o)
                0x00015a8c                xQueueGenericSend
 .text.xQueueGenericSendFromISR
                0x00015c54      0x110 ./../Libraries/FreeRTOS/debug/libFreeRTOS_efm32_debug.a(queue.o)
                0x00015c54                xQueueGenericSendFromISR
 .text.xQueueGiveFromISR
                0x00015d64      0x108 ./../Libraries/FreeRTOS/debug/libFreeRTOS_efm32_debug.a(queue.o)
                0x00015d64                xQueueGiveFromISR
 .text.xQueueGenericReceive
                0x00015e6c      0x1e0 ./../Libraries/FreeRTOS/debug/libFreeRTOS_efm32_debug.a(queue.o)
                0x00015e6c                xQueueGenericReceive
 .text.prvCopyDataToQueue
                0x0001604c       0xe8 ./../Libraries/FreeRTOS/debug/libFreeRTOS_efm32_debug.a(queue.o)
 .text.prvCopyDataFromQueue
                0x00016134       0x50 ./../Libraries/FreeRTOS/debug/libFreeRTOS_efm32_debug.a(queue.o)
 .text.prvUnlockQueue
                0x00016184       0xc0 ./../Libraries/FreeRTOS/debug/libFreeRTOS_efm32_debug.a(queue.o)
 .text.prvIsQueueEmpty
                0x00016244       0x34 ./../Libraries/FreeRTOS/debug/libFreeRTOS_efm32_debug.a(queue.o)
 .text.prvIsQueueFull
                0x00016278       0x38 ./../Libraries/FreeRTOS/debug/libFreeRTOS_efm32_debug.a(queue.o)
 .text.vQueueAddToRegistry
                0x000162b0       0x64 ./../Libraries/FreeRTOS/debug/libFreeRTOS_efm32_debug.a(queue.o)
                0x000162b0                vQueueAddToRegistry
 .text.vQueueWaitForMessageRestricted
                0x00016314       0x64 ./../Libraries/FreeRTOS/debug/libFreeRTOS_efm32_debug.a(queue.o)
                0x00016314                vQueueWaitForMessageRestricted
 .text.xQueueCreateSet
                0x00016378       0x24 ./../Libraries/FreeRTOS/debug/libFreeRTOS_efm32_debug.a(queue.o)
                0x00016378                xQueueCreateSet
 .text.xQueueAddToSet
                0x0001639c       0x4c ./../Libraries/FreeRTOS/debug/libFreeRTOS_efm32_debug.a(queue.o)
                0x0001639c                xQueueAddToSet
 .text.xQueueSelectFromSet
                0x000163e8       0x30 ./../Libraries/FreeRTOS/debug/libFreeRTOS_efm32_debug.a(queue.o)
                0x000163e8                xQueueSelectFromSet
 .text.prvNotifyQueueSetContainer
                0x00016418       0xa8 ./../Libraries/FreeRTOS/debug/libFreeRTOS_efm32_debug.a(queue.o)
 .text.xTaskGenericCreate
                0x000164c0      0x1d0 ./../Libraries/FreeRTOS/debug/libFreeRTOS_efm32_debug.a(tasks.o)
                0x000164c0                xTaskGenericCreate
 .text.vTaskDelayUntil
                0x00016690      0x124 ./../Libraries/FreeRTOS/debug/libFreeRTOS_efm32_debug.a(tasks.o)
                0x00016690                vTaskDelayUntil
 .text.vTaskDelay
                0x000167b4       0xac ./../Libraries/FreeRTOS/debug/libFreeRTOS_efm32_debug.a(tasks.o)
                0x000167b4                vTaskDelay
 .text.vTaskSuspend
                0x00016860      0x138 ./../Libraries/FreeRTOS/debug/libFreeRTOS_efm32_debug.a(tasks.o)
                0x00016860                vTaskSuspend
 .text.prvTaskIsTaskSuspended
                0x00016998       0x80 ./../Libraries/FreeRTOS/debug/libFreeRTOS_efm32_debug.a(tasks.o)
 .text.vTaskResume
                0x00016a18       0xc4 ./../Libraries/FreeRTOS/debug/libFreeRTOS_efm32_debug.a(tasks.o)
                0x00016a18                vTaskResume
 .text.vTaskStartScheduler
                0x00016adc       0xa0 ./../Libraries/FreeRTOS/debug/libFreeRTOS_efm32_debug.a(tasks.o)
                0x00016adc                vTaskStartScheduler
 .text.vTaskSuspendAll
                0x00016b7c       0x24 ./../Libraries/FreeRTOS/debug/libFreeRTOS_efm32_debug.a(tasks.o)
                0x00016b7c                vTaskSuspendAll
 .text.xTaskResumeAll
                0x00016ba0      0x180 ./../Libraries/FreeRTOS/debug/libFreeRTOS_efm32_debug.a(tasks.o)
                0x00016ba0                xTaskResumeAll
 .text.xTaskGetTickCount
                0x00016d20       0x20 ./../Libraries/FreeRTOS/debug/libFreeRTOS_efm32_debug.a(tasks.o)
                0x00016d20                xTaskGetTickCount
 .text.xTaskIncrementTick
                0x00016d40      0x20c ./../Libraries/FreeRTOS/debug/libFreeRTOS_efm32_debug.a(tasks.o)
                0x00016d40                xTaskIncrementTick
 .text.vTaskSwitchContext
                0x00016f4c      0x150 ./../Libraries/FreeRTOS/debug/libFreeRTOS_efm32_debug.a(tasks.o)
                0x00016f4c                vTaskSwitchContext
 .text.vTaskPlaceOnEventList
                0x0001709c       0xc4 ./../Libraries/FreeRTOS/debug/libFreeRTOS_efm32_debug.a(tasks.o)
                0x0001709c                vTaskPlaceOnEventList
 .text.vTaskPlaceOnEventListRestricted
                0x00017160       0xc4 ./../Libraries/FreeRTOS/debug/libFreeRTOS_efm32_debug.a(tasks.o)
                0x00017160                vTaskPlaceOnEventListRestricted
 .text.xTaskRemoveFromEventList
                0x00017224       0xe8 ./../Libraries/FreeRTOS/debug/libFreeRTOS_efm32_debug.a(tasks.o)
                0x00017224                xTaskRemoveFromEventList
 .text.vTaskSetTimeOutState
                0x0001730c       0x44 ./../Libraries/FreeRTOS/debug/libFreeRTOS_efm32_debug.a(tasks.o)
                0x0001730c                vTaskSetTimeOutState
 .text.xTaskCheckForTimeOut
                0x00017350       0xc4 ./../Libraries/FreeRTOS/debug/libFreeRTOS_efm32_debug.a(tasks.o)
                0x00017350                xTaskCheckForTimeOut
 .text.vTaskMissedYield
                0x00017414       0x18 ./../Libraries/FreeRTOS/debug/libFreeRTOS_efm32_debug.a(tasks.o)
                0x00017414                vTaskMissedYield
 .text.prvIdleTask
                0x0001742c       0x10 ./../Libraries/FreeRTOS/debug/libFreeRTOS_efm32_debug.a(tasks.o)
 .text.prvInitialiseTCBVariables
                0x0001743c       0xbc ./../Libraries/FreeRTOS/debug/libFreeRTOS_efm32_debug.a(tasks.o)
 .text.prvInitialiseTaskLists
                0x000174f8       0xa4 ./../Libraries/FreeRTOS/debug/libFreeRTOS_efm32_debug.a(tasks.o)
 .text.prvCheckTasksWaitingTermination
                0x0001759c       0x9c ./../Libraries/FreeRTOS/debug/libFreeRTOS_efm32_debug.a(tasks.o)
 .text.prvAddCurrentTaskToDelayedList
                0x00017638       0x8c ./../Libraries/FreeRTOS/debug/libFreeRTOS_efm32_debug.a(tasks.o)
 .text.prvAllocateTCBAndStack
                0x000176c4       0x7c ./../Libraries/FreeRTOS/debug/libFreeRTOS_efm32_debug.a(tasks.o)
 .text.prvDeleteTCB
                0x00017740       0x20 ./../Libraries/FreeRTOS/debug/libFreeRTOS_efm32_debug.a(tasks.o)
 .text.prvResetNextTaskUnblockTime
                0x00017760       0x5c ./../Libraries/FreeRTOS/debug/libFreeRTOS_efm32_debug.a(tasks.o)
 .text.xTaskGetSchedulerState
                0x000177bc       0x48 ./../Libraries/FreeRTOS/debug/libFreeRTOS_efm32_debug.a(tasks.o)
                0x000177bc                xTaskGetSchedulerState
 .text.vTaskPriorityInherit
                0x00017804      0x144 ./../Libraries/FreeRTOS/debug/libFreeRTOS_efm32_debug.a(tasks.o)
                0x00017804                vTaskPriorityInherit
 .text.xTaskPriorityDisinherit
                0x00017948      0x13c ./../Libraries/FreeRTOS/debug/libFreeRTOS_efm32_debug.a(tasks.o)
                0x00017948                xTaskPriorityDisinherit
 .text.pvTaskIncrementMutexHeldCount
                0x00017a84       0x38 ./../Libraries/FreeRTOS/debug/libFreeRTOS_efm32_debug.a(tasks.o)
                0x00017a84                pvTaskIncrementMutexHeldCount
 .text.xTimerCreateTimerTask
                0x00017abc       0x78 ./../Libraries/FreeRTOS/debug/libFreeRTOS_efm32_debug.a(timers.o)
                0x00017abc                xTimerCreateTimerTask
 .text.xTimerCreate
                0x00017b34       0x7c ./../Libraries/FreeRTOS/debug/libFreeRTOS_efm32_debug.a(timers.o)
                0x00017b34                xTimerCreate
 .text.xTimerGenericCommand
                0x00017bb0       0xac ./../Libraries/FreeRTOS/debug/libFreeRTOS_efm32_debug.a(timers.o)
                0x00017bb0                xTimerGenericCommand
 .text.prvProcessExpiredTimer
                0x00017c5c       0x88 ./../Libraries/FreeRTOS/debug/libFreeRTOS_efm32_debug.a(timers.o)
 .text.prvTimerTask
                0x00017ce4       0x24 ./../Libraries/FreeRTOS/debug/libFreeRTOS_efm32_debug.a(timers.o)
 .text.prvProcessTimerOrBlockTask
                0x00017d08       0x78 ./../Libraries/FreeRTOS/debug/libFreeRTOS_efm32_debug.a(timers.o)
 .text.prvGetNextExpireTime
                0x00017d80       0x54 ./../Libraries/FreeRTOS/debug/libFreeRTOS_efm32_debug.a(timers.o)
 .text.prvSampleTimeNow
                0x00017dd4       0x4c ./../Libraries/FreeRTOS/debug/libFreeRTOS_efm32_debug.a(timers.o)
 .text.prvInsertTimerInActiveList
                0x00017e20       0x94 ./../Libraries/FreeRTOS/debug/libFreeRTOS_efm32_debug.a(timers.o)
 .text.prvProcessReceivedCommands
                0x00017eb4      0x174 ./../Libraries/FreeRTOS/debug/libFreeRTOS_efm32_debug.a(timers.o)
 .text.prvSwitchTimerLists
                0x00018028       0xf0 ./../Libraries/FreeRTOS/debug/libFreeRTOS_efm32_debug.a(timers.o)
 .text.prvCheckForValidListAndQueue
                0x00018118       0xb8 ./../Libraries/FreeRTOS/debug/libFreeRTOS_efm32_debug.a(timers.o)
 .text.xTimerPendFunctionCallFromISR
                0x000181d0       0x4c ./../Libraries/FreeRTOS/debug/libFreeRTOS_efm32_debug.a(timers.o)
                0x000181d0                xTimerPendFunctionCallFromISR
 .text.pvPortMalloc
                0x0001821c      0x1e0 ./../Libraries/FreeRTOS/debug/libFreeRTOS_efm32_debug.a(heap_4.o)
                0x0001821c                pvPortMalloc
 .text.vPortFree
                0x000183fc       0xcc ./../Libraries/FreeRTOS/debug/libFreeRTOS_efm32_debug.a(heap_4.o)
                0x000183fc                vPortFree
 .text.prvHeapInit
                0x000184c8       0xfc ./../Libraries/FreeRTOS/debug/libFreeRTOS_efm32_debug.a(heap_4.o)
 .text.prvInsertBlockIntoFreeList
                0x000185c4       0xbc ./../Libraries/FreeRTOS/debug/libFreeRTOS_efm32_debug.a(heap_4.o)
 .text.pxPortInitialiseStack
                0x00018680       0x64 ./../Libraries/FreeRTOS/debug/libFreeRTOS_efm32_debug.a(port.o)
                0x00018680                pxPortInitialiseStack
 .text.prvTaskExitError
                0x000186e4       0x2c ./../Libraries/FreeRTOS/debug/libFreeRTOS_efm32_debug.a(port.o)
 .text.SVC_Handler
                0x00018710       0x24 ./../Libraries/FreeRTOS/debug/libFreeRTOS_efm32_debug.a(port.o)
                0x00018710                SVC_Handler
 .text.prvPortStartFirstTask
                0x00018734       0x20 ./../Libraries/FreeRTOS/debug/libFreeRTOS_efm32_debug.a(port.o)
 .text.xPortStartScheduler
                0x00018754      0x10c ./../Libraries/FreeRTOS/debug/libFreeRTOS_efm32_debug.a(port.o)
                0x00018754                xPortStartScheduler
 .text.vPortYield
                0x00018860       0x20 ./../Libraries/FreeRTOS/debug/libFreeRTOS_efm32_debug.a(port.o)
                0x00018860                vPortYield
 .text.vPortEnterCritical
                0x00018880       0x58 ./../Libraries/FreeRTOS/debug/libFreeRTOS_efm32_debug.a(port.o)
                0x00018880                vPortEnterCritical
 .text.vPortExitCritical
                0x000188d8       0x54 ./../Libraries/FreeRTOS/debug/libFreeRTOS_efm32_debug.a(port.o)
                0x000188d8                vPortExitCritical
 .text.ulPortSetInterruptMask
                0x0001892c       0x14 ./../Libraries/FreeRTOS/debug/libFreeRTOS_efm32_debug.a(port.o)
                0x0001892c                ulPortSetInterruptMask
 .text.vPortClearInterruptMask
                0x00018940        0x8 ./../Libraries/FreeRTOS/debug/libFreeRTOS_efm32_debug.a(port.o)
                0x00018940                vPortClearInterruptMask
 .text.PendSV_Handler
                0x00018948       0x44 ./../Libraries/FreeRTOS/debug/libFreeRTOS_efm32_debug.a(port.o)
                0x00018948                PendSV_Handler
 .text.xPortSysTickHandler
                0x0001898c       0x2c ./../Libraries/FreeRTOS/debug/libFreeRTOS_efm32_debug.a(port.o)
                0x0001898c                xPortSysTickHandler
 .text.vPortSetupTimerInterrupt
                0x000189b8       0x28 ./../Libraries/FreeRTOS/debug/libFreeRTOS_efm32_debug.a(port.o)
                0x000189b8                vPortSetupTimerInterrupt
 .text.vPortValidateInterruptPriority
                0x000189e0       0x78 ./../Libraries/FreeRTOS/debug/libFreeRTOS_efm32_debug.a(port.o)
                0x000189e0                vPortValidateInterruptPriority
 .text.vListInitialise
                0x00018a58       0x40 ./../Libraries/FreeRTOS/debug/libFreeRTOS_efm32_debug.a(list.o)
                0x00018a58                vListInitialise
 .text.vListInitialiseItem
                0x00018a98       0x1c ./../Libraries/FreeRTOS/debug/libFreeRTOS_efm32_debug.a(list.o)
                0x00018a98                vListInitialiseItem
 .text.vListInsertEnd
                0x00018ab4       0x48 ./../Libraries/FreeRTOS/debug/libFreeRTOS_efm32_debug.a(list.o)
                0x00018ab4                vListInsertEnd
 .text.vListInsert
                0x00018afc       0x74 ./../Libraries/FreeRTOS/debug/libFreeRTOS_efm32_debug.a(list.o)
                0x00018afc                vListInsert
 .text.uxListRemove
                0x00018b70       0x58 ./../Libraries/FreeRTOS/debug/libFreeRTOS_efm32_debug.a(list.o)
                0x00018b70                uxListRemove
 .text.ADC_Init
                0x00018bc8       0x68 ./../Libraries/EMlib/debug/libEMLib_efm32_debug.a(em_adc.o)
                0x00018bc8                ADC_Init
 .text.ADC_PrescaleCalc
                0x00018c30       0x78 ./../Libraries/EMlib/debug/libEMLib_efm32_debug.a(em_adc.o)
                0x00018c30                ADC_PrescaleCalc
 .text.ADC_TimebaseCalc
                0x00018ca8       0x74 ./../Libraries/EMlib/debug/libEMLib_efm32_debug.a(em_adc.o)
                0x00018ca8                ADC_TimebaseCalc
 .text.BITBAND_Peripheral
                0x00018d1c       0x30 ./../Libraries/EMlib/debug/libEMLib_efm32_debug.a(em_cmu.o)
 .text.CMU_MaxFreqHfle
                0x00018d4c       0xb8 ./../Libraries/EMlib/debug/libEMLib_efm32_debug.a(em_cmu.o)
 .text.CMU_FlashWaitStateMax
                0x00018e04       0x68 ./../Libraries/EMlib/debug/libEMLib_efm32_debug.a(em_cmu.o)
 .text.CMU_DivToLog2
                0x00018e6c       0x38 ./../Libraries/EMlib/debug/libEMLib_efm32_debug.a(em_cmu.o)
 .text.CMU_FlashWaitStateControl
                0x00018ea4       0xf4 ./../Libraries/EMlib/debug/libEMLib_efm32_debug.a(em_cmu.o)
 .text.CMU_USBCClkGet
                0x00018f98       0x50 ./../Libraries/EMlib/debug/libEMLib_efm32_debug.a(em_cmu.o)
 .text.CMU_AUXClkGet
                0x00018fe8       0x9c ./../Libraries/EMlib/debug/libEMLib_efm32_debug.a(em_cmu.o)
 .text.CMU_DBGClkGet
                0x00019084       0x64 ./../Libraries/EMlib/debug/libEMLib_efm32_debug.a(em_cmu.o)
 .text.CMU_LFClkGet
                0x000190e8       0xd4 ./../Libraries/EMlib/debug/libEMLib_efm32_debug.a(em_cmu.o)
 .text.CMU_Sync
                0x000191bc       0x3c ./../Libraries/EMlib/debug/libEMLib_efm32_debug.a(em_cmu.o)
 .text.CMU_ClockDivSet
                0x000191f8      0x298 ./../Libraries/EMlib/debug/libEMLib_efm32_debug.a(em_cmu.o)
                0x000191f8                CMU_ClockDivSet
 .text.CMU_ClockEnable
                0x00019490      0x10c ./../Libraries/EMlib/debug/libEMLib_efm32_debug.a(em_cmu.o)
                0x00019490                CMU_ClockEnable
 .text.CMU_ClockFreqGet
                0x0001959c      0x1e8 ./../Libraries/EMlib/debug/libEMLib_efm32_debug.a(em_cmu.o)
                0x0001959c                CMU_ClockFreqGet
 .text.CMU_ClockSelectGet
                0x00019784      0x1a4 ./../Libraries/EMlib/debug/libEMLib_efm32_debug.a(em_cmu.o)
                0x00019784                CMU_ClockSelectGet
 .text.CMU_ClockSelectSet
                0x00019928      0x38c ./../Libraries/EMlib/debug/libEMLib_efm32_debug.a(em_cmu.o)
                0x00019928                CMU_ClockSelectSet
 .text.CMU_OscillatorEnable
                0x00019cb4       0xe8 ./../Libraries/EMlib/debug/libEMLib_efm32_debug.a(em_cmu.o)
                0x00019cb4                CMU_OscillatorEnable
 .text.MSC_Init
                0x00019d9c      0x108 ./../Libraries/EMlib/debug/libEMLib_efm32_debug.a(em_msc.o)
                0x00019d9c                MSC_Init
 .text.MSC_Deinit
                0x00019ea4       0x30 ./../Libraries/EMlib/debug/libEMLib_efm32_debug.a(em_msc.o)
                0x00019ea4                MSC_Deinit
 .text.NVIC_DisableIRQ
                0x00019ed4       0x3c ./../Libraries/EMlib/debug/libEMLib_efm32_debug.a(em_dma.o)
 .text.BITBAND_Peripheral
                0x00019f10       0x30 ./../Libraries/EMlib/debug/libEMLib_efm32_debug.a(em_dma.o)
 .text.DMA_Prepare
                0x00019f40      0x138 ./../Libraries/EMlib/debug/libEMLib_efm32_debug.a(em_dma.o)
 .text.DMA_IRQHandler
                0x0001a078      0x110 ./../Libraries/EMlib/debug/libEMLib_efm32_debug.a(em_dma.o)
                0x0001a078                DMA_IRQHandler
 .text.DMA_ActivateBasic
                0x0001a188       0x48 ./../Libraries/EMlib/debug/libEMLib_efm32_debug.a(em_dma.o)
                0x0001a188                DMA_ActivateBasic
 .text.DMA_CfgChannel
                0x0001a1d0       0xc0 ./../Libraries/EMlib/debug/libEMLib_efm32_debug.a(em_dma.o)
                0x0001a1d0                DMA_CfgChannel
 .text.DMA_CfgDescr
                0x0001a290       0x84 ./../Libraries/EMlib/debug/libEMLib_efm32_debug.a(em_dma.o)
                0x0001a290                DMA_CfgDescr
 .text.DMA_Reset
                0x0001a314       0xd4 ./../Libraries/EMlib/debug/libEMLib_efm32_debug.a(em_dma.o)
                0x0001a314                DMA_Reset
 .text.EMU_UpdateOscConfig
                0x0001a3e8       0x20 ./../Libraries/EMlib/debug/libEMLib_efm32_debug.a(em_emu.o)
                0x0001a3e8                EMU_UpdateOscConfig
 .text.BITBAND_Peripheral
                0x0001a408       0x30 ./../Libraries/EMlib/debug/libEMLib_efm32_debug.a(em_gpio.o)
 .text.GPIO_DriveModeSet
                0x0001a438       0x60 ./../Libraries/EMlib/debug/libEMLib_efm32_debug.a(em_gpio.o)
                0x0001a438                GPIO_DriveModeSet
 .text.GPIO_IntConfig
                0x0001a498       0xf4 ./../Libraries/EMlib/debug/libEMLib_efm32_debug.a(em_gpio.o)
                0x0001a498                GPIO_IntConfig
 .text.GPIO_PinModeSet
                0x0001a58c      0x1b8 ./../Libraries/EMlib/debug/libEMLib_efm32_debug.a(em_gpio.o)
                0x0001a58c                GPIO_PinModeSet
 .text.BITBAND_Peripheral
                0x0001a744       0x30 ./../Libraries/EMlib/debug/libEMLib_efm32_debug.a(em_i2c.o)
 .text.I2C_BusFreqSet
                0x0001a774       0x94 ./../Libraries/EMlib/debug/libEMLib_efm32_debug.a(em_i2c.o)
                0x0001a774                I2C_BusFreqSet
 .text.I2C_Enable
                0x0001a808       0x40 ./../Libraries/EMlib/debug/libEMLib_efm32_debug.a(em_i2c.o)
                0x0001a808                I2C_Enable
 .text.I2C_Init
                0x0001a848       0x84 ./../Libraries/EMlib/debug/libEMLib_efm32_debug.a(em_i2c.o)
                0x0001a848                I2C_Init
 .text.I2C_Transfer
                0x0001a8cc      0x4ec ./../Libraries/EMlib/debug/libEMLib_efm32_debug.a(em_i2c.o)
                0x0001a8cc                I2C_Transfer
 .text.I2C_TransferInit
                0x0001adb8      0x104 ./../Libraries/EMlib/debug/libEMLib_efm32_debug.a(em_i2c.o)
                0x0001adb8                I2C_TransferInit
 .text.USART_BaudrateAsyncSet
                0x0001aebc       0xd0 ./../Libraries/EMlib/debug/libEMLib_efm32_debug.a(em_usart.o)
                0x0001aebc                USART_BaudrateAsyncSet
 .text.USART_BaudrateSyncSet
                0x0001af8c       0x7c ./../Libraries/EMlib/debug/libEMLib_efm32_debug.a(em_usart.o)
                0x0001af8c                USART_BaudrateSyncSet
 .text.USART_Enable
                0x0001b008       0x7c ./../Libraries/EMlib/debug/libEMLib_efm32_debug.a(em_usart.o)
                0x0001b008                USART_Enable
 .text.USART_InitAsync
                0x0001b084       0xbc ./../Libraries/EMlib/debug/libEMLib_efm32_debug.a(em_usart.o)
                0x0001b084                USART_InitAsync
 .text.USART_Reset
                0x0001b140       0xd8 ./../Libraries/EMlib/debug/libEMLib_efm32_debug.a(em_usart.o)
                0x0001b140                USART_Reset
 .text.USART_Tx
                0x0001b218       0x2c ./../Libraries/EMlib/debug/libEMLib_efm32_debug.a(em_usart.o)
                0x0001b218                USART_Tx
 .text.SYSTEM_ChipRevisionGet
                0x0001b244       0x94 ./../Libraries/EMlib/debug/libEMLib_efm32_debug.a(em_system.o)
                0x0001b244                SYSTEM_ChipRevisionGet
 .text.NVIC_EnableIRQ
                0x0001b2d8       0x38 ./../Libraries/EMlib/debug/libEMLib_efm32_debug.a(em_usbd.o)
 .text.NVIC_ClearPendingIRQ
                0x0001b310       0x3c ./../Libraries/EMlib/debug/libEMLib_efm32_debug.a(em_usbd.o)
 .text.INT_Disable
                0x0001b34c       0x40 ./../Libraries/EMlib/debug/libEMLib_efm32_debug.a(em_usbd.o)
 .text.INT_Enable
                0x0001b38c       0x54 ./../Libraries/EMlib/debug/libEMLib_efm32_debug.a(em_usbd.o)
 .text.USBHAL_DisableGlobalInt
                0x0001b3e0       0x34 ./../Libraries/EMlib/debug/libEMLib_efm32_debug.a(em_usbd.o)
 .text.USBHAL_EnableGlobalInt
                0x0001b414       0x34 ./../Libraries/EMlib/debug/libEMLib_efm32_debug.a(em_usbd.o)
 .text.USBDHAL_EnableUsbResetAndSuspendInt
                0x0001b448       0x38 ./../Libraries/EMlib/debug/libEMLib_efm32_debug.a(em_usbd.o)
 .text.USBDHAL_EpIsStalled
                0x0001b480       0x3c ./../Libraries/EMlib/debug/libEMLib_efm32_debug.a(em_usbd.o)
 .text.USBDHAL_GetStallStatusEp
                0x0001b4bc       0xc0 ./../Libraries/EMlib/debug/libEMLib_efm32_debug.a(em_usbd.o)
 .text.USBDHAL_SetEp0InDmaPtr
                0x0001b57c       0x28 ./../Libraries/EMlib/debug/libEMLib_efm32_debug.a(em_usbd.o)
 .text.USBDHAL_SetEp0OutDmaPtr
                0x0001b5a4       0x28 ./../Libraries/EMlib/debug/libEMLib_efm32_debug.a(em_usbd.o)
 .text.USBDHAL_StartEp0In
                0x0001b5cc       0x5c ./../Libraries/EMlib/debug/libEMLib_efm32_debug.a(em_usbd.o)
 .text.USBDHAL_StartEp0Out
                0x0001b628       0x5c ./../Libraries/EMlib/debug/libEMLib_efm32_debug.a(em_usbd.o)
 .text.USBDHAL_StartEpIn
                0x0001b684       0xc8 ./../Libraries/EMlib/debug/libEMLib_efm32_debug.a(em_usbd.o)
 .text.USBDHAL_StartEpOut
                0x0001b74c       0xd4 ./../Libraries/EMlib/debug/libEMLib_efm32_debug.a(em_usbd.o)
 .text.USBD_ArmEp
                0x0001b820       0x28 ./../Libraries/EMlib/debug/libEMLib_efm32_debug.a(em_usbd.o)
 .text.USBD_ArmEp0
                0x0001b848       0x88 ./../Libraries/EMlib/debug/libEMLib_efm32_debug.a(em_usbd.o)
 .text.USBD_ArmEpN
                0x0001b8d0       0x28 ./../Libraries/EMlib/debug/libEMLib_efm32_debug.a(em_usbd.o)
 .text.USBD_GetEpFromAddr
                0x0001b8f8       0xa0 ./../Libraries/EMlib/debug/libEMLib_efm32_debug.a(em_usbd.o)
 .text.USBD_Disconnect
                0x0001b998       0x14 ./../Libraries/EMlib/debug/libEMLib_efm32_debug.a(em_usbd.o)
                0x0001b998                USBD_Disconnect
 .text.USBD_GetUsbState
                0x0001b9ac       0x1c ./../Libraries/EMlib/debug/libEMLib_efm32_debug.a(em_usbd.o)
                0x0001b9ac                USBD_GetUsbState
 .text.USBD_Init
                0x0001b9c8      0x4fc ./../Libraries/EMlib/debug/libEMLib_efm32_debug.a(em_usbd.o)
                0x0001b9c8                USBD_Init
 .text.USBD_Read
                0x0001bec4      0x108 ./../Libraries/EMlib/debug/libEMLib_efm32_debug.a(em_usbd.o)
                0x0001bec4                USBD_Read
 .text.USBD_SetUsbState
                0x0001bfcc       0x98 ./../Libraries/EMlib/debug/libEMLib_efm32_debug.a(em_usbd.o)
                0x0001bfcc                USBD_SetUsbState
 .text.USBD_Write
                0x0001c064      0x10c ./../Libraries/EMlib/debug/libEMLib_efm32_debug.a(em_usbd.o)
                0x0001c064                USBD_Write
 .text.NVIC_ClearPendingIRQ
                0x0001c170       0x3c ./../Libraries/EMlib/debug/libEMLib_efm32_debug.a(em_usbhal.o)
 .text.INT_Disable
                0x0001c1ac       0x40 ./../Libraries/EMlib/debug/libEMLib_efm32_debug.a(em_usbhal.o)
 .text.INT_Enable
                0x0001c1ec       0x54 ./../Libraries/EMlib/debug/libEMLib_efm32_debug.a(em_usbhal.o)
 .text.USBHAL_FlushRxFifo
                0x0001c240       0x3c ./../Libraries/EMlib/debug/libEMLib_efm32_debug.a(em_usbhal.o)
 .text.USBHAL_FlushTxFifo
                0x0001c27c       0x4c ./../Libraries/EMlib/debug/libEMLib_efm32_debug.a(em_usbhal.o)
 .text.USBDHAL_DeactivateEp
                0x0001c2c8       0x88 ./../Libraries/EMlib/debug/libEMLib_efm32_debug.a(em_usbhal.o)
 .text.USBDHAL_GetInEpInts
                0x0001c350       0x44 ./../Libraries/EMlib/debug/libEMLib_efm32_debug.a(em_usbhal.o)
 .text.USBDHAL_GetOutEpInts
                0x0001c394       0x44 ./../Libraries/EMlib/debug/libEMLib_efm32_debug.a(em_usbhal.o)
 .text.USBDHAL_SetEPDISNAK
                0x0001c3d8       0xac ./../Libraries/EMlib/debug/libEMLib_efm32_debug.a(em_usbhal.o)
 .text.USBD_GetEpFromAddr
                0x0001c484       0xa0 ./../Libraries/EMlib/debug/libEMLib_efm32_debug.a(em_usbhal.o)
 .text.USBHAL_CoreReset
                0x0001c524       0xbc ./../Libraries/EMlib/debug/libEMLib_efm32_debug.a(em_usbhal.o)
                0x0001c524                USBHAL_CoreReset
 .text.USBDHAL_CoreInit
                0x0001c5e0      0x3ec ./../Libraries/EMlib/debug/libEMLib_efm32_debug.a(em_usbhal.o)
                0x0001c5e0                USBDHAL_CoreInit
 .text.USBDHAL_Disconnect
                0x0001c9cc       0x3c ./../Libraries/EMlib/debug/libEMLib_efm32_debug.a(em_usbhal.o)
                0x0001c9cc                USBDHAL_Disconnect
 .text.USBDHAL_AbortAllEps
                0x0001ca08      0x53c ./../Libraries/EMlib/debug/libEMLib_efm32_debug.a(em_usbhal.o)
                0x0001ca08                USBDHAL_AbortAllEps
 .text.USBDHAL_AbortAllTransfers
                0x0001cf44       0xc8 ./../Libraries/EMlib/debug/libEMLib_efm32_debug.a(em_usbhal.o)
                0x0001cf44                USBDHAL_AbortAllTransfers
 .text.USBDHAL_ReenableEp0Setup
                0x0001d00c       0x60 ./../Libraries/EMlib/debug/libEMLib_efm32_debug.a(em_usbdep.o)
 .text.USBDHAL_StallEp
                0x0001d06c       0xcc ./../Libraries/EMlib/debug/libEMLib_efm32_debug.a(em_usbdep.o)
 .text.USBDHAL_StartEp0In
                0x0001d138       0x5c ./../Libraries/EMlib/debug/libEMLib_efm32_debug.a(em_usbdep.o)
 .text.USBDHAL_StartEp0Out
                0x0001d194       0x5c ./../Libraries/EMlib/debug/libEMLib_efm32_debug.a(em_usbdep.o)
 .text.USBD_GetEpFromAddr
                0x0001d1f0       0xa0 ./../Libraries/EMlib/debug/libEMLib_efm32_debug.a(em_usbdep.o)
 .text.USBD_ReArmEp0
                0x0001d290       0x64 ./../Libraries/EMlib/debug/libEMLib_efm32_debug.a(em_usbdep.o)
 .text.USBDEP_Ep0Handler
                0x0001d2f4      0x300 ./../Libraries/EMlib/debug/libEMLib_efm32_debug.a(em_usbdep.o)
                0x0001d2f4                USBDEP_Ep0Handler
 .text.USBDEP_EpHandler
                0x0001d5f4       0x60 ./../Libraries/EMlib/debug/libEMLib_efm32_debug.a(em_usbdep.o)
                0x0001d5f4                USBDEP_EpHandler
 .text.TIMER_CounterGet
                0x0001d654       0x18 ./../Libraries/EMlib/debug/libEMLib_efm32_debug.a(em_usbtimer.o)
 .text.TIMER_TopSet
                0x0001d66c       0x1c ./../Libraries/EMlib/debug/libEMLib_efm32_debug.a(em_usbtimer.o)
 .text.DelayTicks
                0x0001d688       0x4c ./../Libraries/EMlib/debug/libEMLib_efm32_debug.a(em_usbtimer.o)
 .text.USBTIMER_DelayMs
                0x0001d6d4       0x84 ./../Libraries/EMlib/debug/libEMLib_efm32_debug.a(em_usbtimer.o)
                0x0001d6d4                USBTIMER_DelayMs
 .text.USBTIMER_DelayUs
                0x0001d758      0x124 ./../Libraries/EMlib/debug/libEMLib_efm32_debug.a(em_usbtimer.o)
                0x0001d758                USBTIMER_DelayUs
 .text.USBTIMER_Init
                0x0001d87c      0x188 ./../Libraries/EMlib/debug/libEMLib_efm32_debug.a(em_usbtimer.o)
                0x0001d87c                USBTIMER_Init
 .text.GetProdRev
                0x0001da04       0x1c ./../Libraries/EMlib/debug/libEMLib_efm32_debug.a(system_efm32gg.o)
 .text.SystemCoreClockGet
                0x0001da20       0x58 ./../Libraries/EMlib/debug/libEMLib_efm32_debug.a(system_efm32gg.o)
                0x0001da20                SystemCoreClockGet
 .text.SystemHFClockGet
                0x0001da78      0x110 ./../Libraries/EMlib/debug/libEMLib_efm32_debug.a(system_efm32gg.o)
                0x0001da78                SystemHFClockGet
 .text.SystemHFXOClockGet
                0x0001db88       0x18 ./../Libraries/EMlib/debug/libEMLib_efm32_debug.a(system_efm32gg.o)
                0x0001db88                SystemHFXOClockGet
 .text.SystemInit
                0x0001dba0        0xc ./../Libraries/EMlib/debug/libEMLib_efm32_debug.a(system_efm32gg.o)
                0x0001dba0                SystemInit
 .text.SystemLFRCOClockGet
                0x0001dbac       0x10 ./../Libraries/EMlib/debug/libEMLib_efm32_debug.a(system_efm32gg.o)
                0x0001dbac                SystemLFRCOClockGet
 .text.SystemULFRCOClockGet
                0x0001dbbc       0x10 ./../Libraries/EMlib/debug/libEMLib_efm32_debug.a(system_efm32gg.o)
                0x0001dbbc                SystemULFRCOClockGet
 .text.SystemLFXOClockGet
                0x0001dbcc       0x18 ./../Libraries/EMlib/debug/libEMLib_efm32_debug.a(system_efm32gg.o)
                0x0001dbcc                SystemLFXOClockGet
 .text.TIMER_Init
                0x0001dbe4      0x134 ./../Libraries/EMlib/debug/libEMLib_efm32_debug.a(em_timer.o)
                0x0001dbe4                TIMER_Init
 .text.TIMER_InitCC
                0x0001dd18       0xec ./../Libraries/EMlib/debug/libEMLib_efm32_debug.a(em_timer.o)
                0x0001dd18                TIMER_InitCC
 .text.USBDHAL_ActivateEp
                0x0001de04      0x148 ./../Libraries/EMlib/debug/libEMLib_efm32_debug.a(em_usbdch9.o)
 .text.USBDHAL_DeactivateEp
                0x0001df4c       0x88 ./../Libraries/EMlib/debug/libEMLib_efm32_debug.a(em_usbdch9.o)
 .text.USBDHAL_GetStallStatusEp
                0x0001dfd4       0xc0 ./../Libraries/EMlib/debug/libEMLib_efm32_debug.a(em_usbdch9.o)
 .text.USBDHAL_SetAddr
                0x0001e094       0x3c ./../Libraries/EMlib/debug/libEMLib_efm32_debug.a(em_usbdch9.o)
 .text.USBDHAL_StallEp
                0x0001e0d0       0xcc ./../Libraries/EMlib/debug/libEMLib_efm32_debug.a(em_usbdch9.o)
 .text.USBDHAL_UnStallEp
                0x0001e19c       0xe4 ./../Libraries/EMlib/debug/libEMLib_efm32_debug.a(em_usbdch9.o)
 .text.USBD_ActivateAllEps
                0x0001e280       0x54 ./../Libraries/EMlib/debug/libEMLib_efm32_debug.a(em_usbdch9.o)
 .text.USBD_DeactivateAllEps
                0x0001e2d4       0x68 ./../Libraries/EMlib/debug/libEMLib_efm32_debug.a(em_usbdch9.o)
 .text.USBD_GetEpFromAddr
                0x0001e33c       0xa0 ./../Libraries/EMlib/debug/libEMLib_efm32_debug.a(em_usbdch9.o)
 .text.USBDCH9_SetupCmd
                0x0001e3dc       0xec ./../Libraries/EMlib/debug/libEMLib_efm32_debug.a(em_usbdch9.o)
                0x0001e3dc                USBDCH9_SetupCmd
 .text.ClearFeature
                0x0001e4c8       0xcc ./../Libraries/EMlib/debug/libEMLib_efm32_debug.a(em_usbdch9.o)
 .text.GetConfiguration
                0x0001e594       0xb8 ./../Libraries/EMlib/debug/libEMLib_efm32_debug.a(em_usbdch9.o)
 .text.GetDescriptor
                0x0001e64c      0x10c ./../Libraries/EMlib/debug/libEMLib_efm32_debug.a(em_usbdch9.o)
 .text.GetInterface
                0x0001e758       0x94 ./../Libraries/EMlib/debug/libEMLib_efm32_debug.a(em_usbdch9.o)
 .text.GetStatus
                0x0001e7ec      0x1b4 ./../Libraries/EMlib/debug/libEMLib_efm32_debug.a(em_usbdch9.o)
 .text.SetAddress
                0x0001e9a0       0xb4 ./../Libraries/EMlib/debug/libEMLib_efm32_debug.a(em_usbdch9.o)
 .text.SetConfiguration
                0x0001ea54      0x10c ./../Libraries/EMlib/debug/libEMLib_efm32_debug.a(em_usbdch9.o)
 .text.SetFeature
                0x0001eb60      0x100 ./../Libraries/EMlib/debug/libEMLib_efm32_debug.a(em_usbdch9.o)
 .text.SetInterface
                0x0001ec60       0x68 ./../Libraries/EMlib/debug/libEMLib_efm32_debug.a(em_usbdch9.o)
 .text.bma2x2_init
                0x0001ecc8       0x9c ./../Libraries/BSTLib/debug/libBSTLib_efm32_debug.a(bma2x2.o)
                0x0001ecc8                bma2x2_init
 .text.bma2x2_read_reg
                0x0001ed64       0x60 ./../Libraries/BSTLib/debug/libBSTLib_efm32_debug.a(bma2x2.o)
                0x0001ed64                bma2x2_read_reg
 .text.bma2x2_set_bw
                0x0001edc4      0x254 ./../Libraries/BSTLib/debug/libBSTLib_efm32_debug.a(bma2x2.o)
                0x0001edc4                bma2x2_set_bw
 .text.bmi160_init
                0x0001f018       0x90 ./../Libraries/BSTLib/debug/libBSTLib_efm32_debug.a(bmi160.o)
                0x0001f018                bmi160_init
 .text.bmi160_write_reg
                0x0001f0a8       0x60 ./../Libraries/BSTLib/debug/libBSTLib_efm32_debug.a(bmi160.o)
                0x0001f0a8                bmi160_write_reg
 .text.bmi160_set_command_register
                0x0001f108       0x60 ./../Libraries/BSTLib/debug/libBSTLib_efm32_debug.a(bmi160.o)
                0x0001f108                bmi160_set_command_register
 .text.bmm050_init
                0x0001f168       0xbc ./../Libraries/BSTLib/debug/libBSTLib_efm32_debug.a(bmm050.o)
                0x0001f168                bmm050_init
 .text.bmm050_set_presetmode
                0x0001f224      0x120 ./../Libraries/BSTLib/debug/libBSTLib_efm32_debug.a(bmm050.o)
                0x0001f224                bmm050_set_presetmode
 .text.bmm050_set_functional_state
                0x0001f344      0x28c ./../Libraries/BSTLib/debug/libBSTLib_efm32_debug.a(bmm050.o)
                0x0001f344                bmm050_set_functional_state
 .text.bmm050_read_mag_data_XYZ_s32
                0x0001f5d0      0x158 ./../Libraries/BSTLib/debug/libBSTLib_efm32_debug.a(bmm050.o)
                0x0001f5d0                bmm050_read_mag_data_XYZ_s32
 .text.bmm050_set_data_rate
                0x0001f728       0xbc ./../Libraries/BSTLib/debug/libBSTLib_efm32_debug.a(bmm050.o)
                0x0001f728                bmm050_set_data_rate
 .text.bmm050_init_trim_registers
                0x0001f7e4      0x344 ./../Libraries/BSTLib/debug/libBSTLib_efm32_debug.a(bmm050.o)
                0x0001f7e4                bmm050_init_trim_registers
 .text.bmm050_get_power_mode
                0x0001fb28       0x78 ./../Libraries/BSTLib/debug/libBSTLib_efm32_debug.a(bmm050.o)
                0x0001fb28                bmm050_get_power_mode
 .text.bmm050_set_power_mode
                0x0001fba0       0xb8 ./../Libraries/BSTLib/debug/libBSTLib_efm32_debug.a(bmm050.o)
                0x0001fba0                bmm050_set_power_mode
 .text.bmm050_set_rep_XY
                0x0001fc58       0x6c ./../Libraries/BSTLib/debug/libBSTLib_efm32_debug.a(bmm050.o)
                0x0001fc58                bmm050_set_rep_XY
 .text.bmm050_set_rep_Z
                0x0001fcc4       0x6c ./../Libraries/BSTLib/debug/libBSTLib_efm32_debug.a(bmm050.o)
                0x0001fcc4                bmm050_set_rep_Z
 .text.bmm050_compensate_X
                0x0001fd30      0x114 ./../Libraries/BSTLib/debug/libBSTLib_efm32_debug.a(bmm050.o)
                0x0001fd30                bmm050_compensate_X
 .text.bmm050_compensate_X_s32
                0x0001fe44       0x40 ./../Libraries/BSTLib/debug/libBSTLib_efm32_debug.a(bmm050.o)
                0x0001fe44                bmm050_compensate_X_s32
 .text.bmm050_compensate_Y
                0x0001fe84      0x114 ./../Libraries/BSTLib/debug/libBSTLib_efm32_debug.a(bmm050.o)
                0x0001fe84                bmm050_compensate_Y
 .text.bmm050_compensate_Y_s32
                0x0001ff98       0x40 ./../Libraries/BSTLib/debug/libBSTLib_efm32_debug.a(bmm050.o)
                0x0001ff98                bmm050_compensate_Y_s32
 .text.bmm050_compensate_Z_s32
                0x0001ffd8       0xf4 ./../Libraries/BSTLib/debug/libBSTLib_efm32_debug.a(bmm050.o)
                0x0001ffd8                bmm050_compensate_Z_s32
 .text.Retcode_Initialize
                0x000200cc       0x60 ./../Platform/Essentials/release/libEssentials_efm32.a(Retcode.o)
                0x000200cc                Retcode_Initialize
 .text.Retcode_RaiseError
                0x0002012c       0x24 ./../Platform/Essentials/release/libEssentials_efm32.a(Retcode.o)
                0x0002012c                Retcode_RaiseError
 .text.Retcode_RaiseErrorFromIsr
                0x00020150       0x24 ./../Platform/Essentials/release/libEssentials_efm32.a(Retcode.o)
                0x00020150                Retcode_RaiseErrorFromIsr
 .text.Retcode_raiseError
                0x00020174       0x18 ./../Platform/Essentials/release/libEssentials_efm32.a(Retcode.o)
                0x00020174                Retcode_raiseError
 .text.RTC_IntClear
                0x0002018c       0x20 ./../Platform/Essentials/release/libEssentials_efm32.a(Timer.o)
 .text.RTC_IntDisable
                0x000201ac       0x30 ./../Platform/Essentials/release/libEssentials_efm32.a(Timer.o)
 .text.RTC_IntGet
                0x000201dc       0x18 ./../Platform/Essentials/release/libEssentials_efm32.a(Timer.o)
 .text.TIMER_IntClear
                0x000201f4       0x1c ./../Platform/Essentials/release/libEssentials_efm32.a(Timer.o)
 .text.TIMER_IntDisable
                0x00020210       0x24 ./../Platform/Essentials/release/libEssentials_efm32.a(Timer.o)
 .text.TIMER_IntGet
                0x00020234       0x18 ./../Platform/Essentials/release/libEssentials_efm32.a(Timer.o)
 .text.LETIMER_IntClear
                0x0002024c       0x1c ./../Platform/Essentials/release/libEssentials_efm32.a(Timer.o)
 .text.LETIMER_IntDisable
                0x00020268       0x24 ./../Platform/Essentials/release/libEssentials_efm32.a(Timer.o)
 .text.LETIMER_IntGet
                0x0002028c       0x18 ./../Platform/Essentials/release/libEssentials_efm32.a(Timer.o)
 .text.MCU_Timer_Initialize
                0x000202a4       0xe4 ./../Platform/Essentials/release/libEssentials_efm32.a(Timer.o)
                0x000202a4                MCU_Timer_Initialize
 .text.MCU_Timer_Callback
                0x00020388       0x5c ./../Platform/Essentials/release/libEssentials_efm32.a(Timer.o)
                0x00020388                MCU_Timer_Callback
 .text.ValidateTimerHandle
                0x000203e4       0x40 ./../Platform/Essentials/release/libEssentials_efm32.a(Timer.o)
 .text.getTimerEvent
                0x00020424       0xc8 ./../Platform/Essentials/release/libEssentials_efm32.a(Timer.o)
 .text.extractFlags_RTC
                0x000204ec       0x9c ./../Platform/Essentials/release/libEssentials_efm32.a(Timer.o)
 .text.extractFlags_LETIMER
                0x00020588       0x9c ./../Platform/Essentials/release/libEssentials_efm32.a(Timer.o)
 .text.extractFlags_TIMER
                0x00020624       0xd0 ./../Platform/Essentials/release/libEssentials_efm32.a(Timer.o)
 .text.MCU_Timer_GetRtcHandle
                0x000206f4       0x14 ./../Platform/Essentials/release/libEssentials_efm32.a(Timer.o)
                0x000206f4                MCU_Timer_GetRtcHandle
 .text.MCU_Timer_HandleRtcIrq
                0x00020708       0x14 ./../Platform/Essentials/release/libEssentials_efm32.a(Timer.o)
                0x00020708                MCU_Timer_HandleRtcIrq
 .text.CmdProcessor_initialize
                0x0002071c       0xe0 ./../Platform/Utils/release/libUtils_efm32.a(CmdProcessor.o)
                0x0002071c                CmdProcessor_initialize
 .text.CmdProcessor_enqueue
                0x000207fc       0x74 ./../Platform/Utils/release/libUtils_efm32.a(CmdProcessor.o)
                0x000207fc                CmdProcessor_enqueue
 .text.run      0x00020870       0x14 ./../Platform/Utils/release/libUtils_efm32.a(CmdProcessor.o)
 .text.dequeue  0x00020884       0x80 ./../Platform/Utils/release/libUtils_efm32.a(CmdProcessor.o)
 .text.NVM_Initialize
                0x00020904       0x4c ./../Platform/Drivers/release/libDrivers_efm32.a(BCDS_NVM.o)
                0x00020904                NVM_Initialize
 .text.objectConsistencyCheck
                0x00020950       0x58 ./../Platform/Drivers/release/libDrivers_efm32.a(BCDS_NVM.o)
 .text.NVM_Read
                0x000209a8       0x7c ./../Platform/Drivers/release/libDrivers_efm32.a(BCDS_NVM.o)
                0x000209a8                NVM_Read
 .text.itemConsistencyCheck
                0x00020a24       0x50 ./../Platform/Drivers/release/libDrivers_efm32.a(BCDS_NVM.o)
 .text.NVM_Write
                0x00020a74       0x94 ./../Platform/Drivers/release/libDrivers_efm32.a(BCDS_NVM.o)
                0x00020a74                NVM_Write
 .text.NVM_Flush
                0x00020b08       0x9c ./../Platform/Drivers/release/libDrivers_efm32.a(BCDS_NVM.o)
                0x00020b08                NVM_Flush
 .text.sectionUpdateRequired
                0x00020ba4       0x8c ./../Platform/Drivers/release/libDrivers_efm32.a(BCDS_NVM.o)
 .text.NVM_ReadUInt8
                0x00020c30       0x40 ./../Platform/Drivers/release/libDrivers_efm32.a(BCDS_NVM.o)
                0x00020c30                NVM_ReadUInt8
 .text.NVM_WriteUInt8
                0x00020c70       0x40 ./../Platform/Drivers/release/libDrivers_efm32.a(BCDS_NVM.o)
                0x00020c70                NVM_WriteUInt8
 .text.isLittleEndianPlatform
                0x00020cb0       0x30 ./../Platform/Drivers/release/libDrivers_efm32.a(BCDS_NVM.o)
 .text.NVM_IsEndiannessDifferent
                0x00020ce0       0x54 ./../Platform/Drivers/release/libDrivers_efm32.a(BCDS_NVM.o)
 .text.NVM_SwapBytes
                0x00020d34       0xc4 ./../Platform/Drivers/release/libDrivers_efm32.a(BCDS_NVM.o)
 .text.MappingI2cLibError
                0x00020df8       0x38 ./../Platform/Drivers/release/libDrivers_efm32.a(Max44009.o)
 .text.MAX44009_combineLuxLowHighReg
                0x00020e30       0x48 ./../Platform/Drivers/release/libDrivers_efm32.a(Max44009.o)
 .text.MAX44009_Init
                0x00020e78       0x34 ./../Platform/Drivers/release/libDrivers_efm32.a(Max44009.o)
                0x00020e78                MAX44009_Init
 .text.MAX44009_SetCdr
                0x00020eac       0xb8 ./../Platform/Drivers/release/libDrivers_efm32.a(Max44009.o)
                0x00020eac                MAX44009_SetCdr
 .text.MAX44009_GetConfigurationReg
                0x00020f64       0x74 ./../Platform/Drivers/release/libDrivers_efm32.a(Max44009.o)
                0x00020f64                MAX44009_GetConfigurationReg
 .text.MAX44009_SetIntegrationTime
                0x00020fd8       0xac ./../Platform/Drivers/release/libDrivers_efm32.a(Max44009.o)
                0x00020fd8                MAX44009_SetIntegrationTime
 .text.MAX44009_GetSensorData
                0x00021084       0xe0 ./../Platform/Drivers/release/libDrivers_efm32.a(Max44009.o)
                0x00021084                MAX44009_GetSensorData
 .text.MAX44009_GetDataInMilliLux
                0x00021164       0x70 ./../Platform/Drivers/release/libDrivers_efm32.a(Max44009.o)
                0x00021164                MAX44009_GetDataInMilliLux
 .text.MAX44009_SetContinousModeReg
                0x000211d4       0xbc ./../Platform/Drivers/release/libDrivers_efm32.a(Max44009.o)
                0x000211d4                MAX44009_SetContinousModeReg
 .text.Bidirectional_ServiceCallback
                0x00021290      0x104 ./../Platform/BLE/release/libBLE_efm32.a(BidirectionalService.o)
 .text.BidirectionalService_Init
                0x00021394       0x44 ./../Platform/BLE/release/libBLE_efm32.a(BidirectionalService.o)
                0x00021394                BidirectionalService_Init
 .text.BidirectionalService_Register
                0x000213d8      0x15c ./../Platform/BLE/release/libBLE_efm32.a(BidirectionalService.o)
                0x000213d8                BidirectionalService_Register
 .text.BidirectionalService_SendData
                0x00021534      0x11c ./../Platform/BLE/release/libBLE_efm32.a(BidirectionalService.o)
                0x00021534                BidirectionalService_SendData
 .text.Retcode_GetCode
                0x00021650       0x20 ./../Platform/BLE/release/libBLE_efm32.a(BlePeripheral.o)
 .text.Retcode_getCode
                0x00021670       0x1c ./../Platform/BLE/release/libBLE_efm32.a(BlePeripheral.o)
 .text.BlePeripheralTaskResumeTrigger
                0x0002168c       0x48 ./../Platform/BLE/release/libBLE_efm32.a(BlePeripheral.o)
 .text.BlePeripheralTaskCreate
                0x000216d4       0x70 ./../Platform/BLE/release/libBLE_efm32.a(BlePeripheral.o)
 .text.BlePeripheralTaskSetHandleCreate
                0x00021744       0xe0 ./../Platform/BLE/release/libBLE_efm32.a(BlePeripheral.o)
 .text.BlePeripheralRxHandleCreate
                0x00021824       0x5c ./../Platform/BLE/release/libBLE_efm32.a(BlePeripheral.o)
 .text.BlePeripheralNotifyHandleCreate
                0x00021880       0x58 ./../Platform/BLE/release/libBLE_efm32.a(BlePeripheral.o)
 .text.BlePeripheralTaskResumeTriggerFromIsr
                0x000218d8       0x44 ./../Platform/BLE/release/libBLE_efm32.a(BlePeripheral.o)
 .text.BlePeripheralConfigure
                0x0002191c      0x104 ./../Platform/BLE/release/libBLE_efm32.a(BlePeripheral.o)
 .text.BlePeripheralTask
                0x00021a20       0xf0 ./../Platform/BLE/release/libBLE_efm32.a(BlePeripheral.o)
 .text.BlePeripheral_Initialize
                0x00021b10       0xa0 ./../Platform/BLE/release/libBLE_efm32.a(BlePeripheral.o)
                0x00021b10                BlePeripheral_Initialize
 .text.BlePeripheral_SetDeviceName
                0x00021bb0       0x70 ./../Platform/BLE/release/libBLE_efm32.a(BlePeripheral.o)
                0x00021bb0                BlePeripheral_SetDeviceName
 .text.BlePeripheral_SetMacAddress
                0x00021c20       0x40 ./../Platform/BLE/release/libBLE_efm32.a(BlePeripheral.o)
                0x00021c20                BlePeripheral_SetMacAddress
 .text.BlePeripheral_Start
                0x00021c60       0x48 ./../Platform/BLE/release/libBLE_efm32.a(BlePeripheral.o)
                0x00021c60                BlePeripheral_Start
 .text.BlePeripheral_Wakeup
                0x00021ca8       0x80 ./../Platform/BLE/release/libBLE_efm32.a(BlePeripheral.o)
                0x00021ca8                BlePeripheral_Wakeup
 .text.BlePeripheral_GetConnectionHandle
                0x00021d28       0x2c ./../Platform/BLE/release/libBLE_efm32.a(BlePeripheral.o)
                0x00021d28                BlePeripheral_GetConnectionHandle
 .text.BleCoreCallback
                0x00021d54      0x43c ./../Platform/BLE/release/libBLE_efm32.a(StateHandler.o)
 .text.BleGapCallback
                0x00022190      0x2d8 ./../Platform/BLE/release/libBLE_efm32.a(StateHandler.o)
 .text.TriggerStateMachineServicing
                0x00022468       0x38 ./../Platform/BLE/release/libBLE_efm32.a(StateHandler.o)
 .text.ConfigureStateToReinit
                0x000224a0       0x4c ./../Platform/BLE/release/libBLE_efm32.a(StateHandler.o)
 .text.SetStateToReinit
                0x000224ec       0x18 ./../Platform/BLE/release/libBLE_efm32.a(StateHandler.o)
 .text.StateReinit
                0x00022504       0xfc ./../Platform/BLE/release/libBLE_efm32.a(StateHandler.o)
 .text.StateHandlerStartDiscovering
                0x00022600       0xd8 ./../Platform/BLE/release/libBLE_efm32.a(StateHandler.o)
 .text.StateHandlerSetIdle
                0x000226d8       0x94 ./../Platform/BLE/release/libBLE_efm32.a(StateHandler.o)
 .text.StateHandlerSetSleep
                0x0002276c      0x120 ./../Platform/BLE/release/libBLE_efm32.a(StateHandler.o)
 .text.StateHandlerEndConnection
                0x0002288c       0x98 ./../Platform/BLE/release/libBLE_efm32.a(StateHandler.o)
 .text.StateHandlerInitProfiles
                0x00022924      0x14c ./../Platform/BLE/release/libBLE_efm32.a(StateHandler.o)
 .text.StateHandlerRegisterGapDevice
                0x00022a70       0x84 ./../Platform/BLE/release/libBLE_efm32.a(StateHandler.o)
 .text.StateHandlerSetRandomAddress
                0x00022af4       0x64 ./../Platform/BLE/release/libBLE_efm32.a(StateHandler.o)
 .text.BleDeinitExecutionCallback
                0x00022b58       0x1c ./../Platform/BLE/release/libBLE_efm32.a(StateHandler.o)
 .text.BLEMGMT_NotifyToRun
                0x00022b74       0x24 ./../Platform/BLE/release/libBLE_efm32.a(StateHandler.o)
                0x00022b74                BLEMGMT_NotifyToRun
 .text.StateHandler_Initialize
                0x00022b98       0xb0 ./../Platform/BLE/release/libBLE_efm32.a(StateHandler.o)
                0x00022b98                StateHandler_Initialize
 .text.StateHandler_ReInitialize
                0x00022c48       0x18 ./../Platform/BLE/release/libBLE_efm32.a(StateHandler.o)
                0x00022c48                StateHandler_ReInitialize
 .text.StateHandler_CoreStackInit
                0x00022c60       0x80 ./../Platform/BLE/release/libBLE_efm32.a(StateHandler.o)
                0x00022c60                StateHandler_CoreStackInit
 .text.StateHandler_CoreStateMachine
                0x00022ce0      0x1f8 ./../Platform/BLE/release/libBLE_efm32.a(StateHandler.o)
                0x00022ce0                StateHandler_CoreStateMachine
 .text.StateHandler_SetDeviceToSleep
                0x00022ed8       0x94 ./../Platform/BLE/release/libBLE_efm32.a(StateHandler.o)
                0x00022ed8                StateHandler_SetDeviceToSleep
 .text.StateHandler_WakeUpDevice
                0x00022f6c       0x48 ./../Platform/BLE/release/libBLE_efm32.a(StateHandler.o)
                0x00022f6c                StateHandler_WakeUpDevice
 .text.StateHandler_SetDeviceName
                0x00022fb4       0x70 ./../Platform/BLE/release/libBLE_efm32.a(StateHandler.o)
                0x00022fb4                StateHandler_SetDeviceName
 .text.StateHandler_GetConnectionHandle
                0x00023024       0x18 ./../Platform/BLE/release/libBLE_efm32.a(StateHandler.o)
                0x00023024                StateHandler_GetConnectionHandle
 .text.StateHandler_IsConnected
                0x0002303c       0x24 ./../Platform/BLE/release/libBLE_efm32.a(StateHandler.o)
                0x0002303c                StateHandler_IsConnected
 .text.StateHandler_IsConnectBeforeFirstSend
                0x00023060       0x18 ./../Platform/BLE/release/libBLE_efm32.a(StateHandler.o)
                0x00023060                StateHandler_IsConnectBeforeFirstSend
 .text.StateHandler_ResetConnectBeforeFirstSend
                0x00023078       0x18 ./../Platform/BLE/release/libBLE_efm32.a(StateHandler.o)
                0x00023078                StateHandler_ResetConnectBeforeFirstSend
 .text.StateHandler_GetTickCountUponConnect